ARM Linker, 5.03 [Build 76] [MDK-ARM Lite]

==============================================================================

Section Cross References

    startup_tm4c123.o(STACK) refers (Special) to heapauxi.o(.text) for __use_two_region_memory
    startup_tm4c123.o(HEAP) refers (Special) to heapauxi.o(.text) for __use_two_region_memory
    startup_tm4c123.o(RESET) refers (Special) to heapauxi.o(.text) for __use_two_region_memory
    startup_tm4c123.o(RESET) refers to startup_tm4c123.o(STACK) for __initial_sp
    startup_tm4c123.o(RESET) refers to startup_tm4c123.o(.text) for Reset_Handler
    startup_tm4c123.o(.text) refers (Special) to heapauxi.o(.text) for __use_two_region_memory
    startup_tm4c123.o(.text) refers to test.o(.text) for SystemInit
    startup_tm4c123.o(.text) refers to __main.o(!!!main) for __main
    startup_tm4c123.o(.text) refers to startup_tm4c123.o(HEAP) for Heap_Mem
    startup_tm4c123.o(.text) refers to startup_tm4c123.o(STACK) for Stack_Mem
    test.o(.text) refers to uart.o(.text) for UART0_Read
    test.o(.text) refers to strtok.o(.text) for strtok
    test.o(.text) refers to strcpy.o(.text) for strcpy
    test.o(.text) refers to strcmpv7m.o(.text) for strcmp
    test.o(.text) refers to atof.o(i.__hardfp_atof) for __hardfp_atof
    test.o(.text) refers to d2f.o(x$fpl$d2f) for __aeabi_d2f
    test.o(.text) refers to led.o(.text) for LEDSinit
    test.o(.text) refers to lcd_function.o(.text) for LCD_INIT
    test.o(.text) refers to delay.o(.text) for Delay
    test.o(.text) refers to test.o(.bss) for coords_obtained
    test.o(.text) refers to test.o(.data) for indx1
    distance_gps.o(.text) refers to daddsub_clz.o(x$fpl$dsub) for __aeabi_dsub
    distance_gps.o(.text) refers to dmul.o(x$fpl$dmul) for __aeabi_dmul
    distance_gps.o(.text) refers to sin.o(i.__hardfp_sin) for __hardfp_sin
    distance_gps.o(.text) refers to cos.o(i.__hardfp_cos) for __hardfp_cos
    distance_gps.o(.text) refers to daddsub_clz.o(x$fpl$dadd) for __aeabi_dadd
    distance_gps.o(.text) refers to sqrt.o(i.__hardfp_sqrt) for __hardfp_sqrt
    distance_gps.o(.text) refers to ddiv.o(x$fpl$ddiv) for __aeabi_ddiv
    distance_gps.o(.text) refers to asin.o(i.__hardfp_asin) for __hardfp_asin
    lcd_function.o(.text) refers to delay.o(.text) for Delay
    lcd_route.o(.text) refers to delay.o(.text) for Delay
    lcd_route.o(.text) refers to lcd_function.o(.text) for Lcd_DATA
    strtok.o(.text) refers to strtok_int.o(.text) for __strtok_internal
    strtok.o(.text) refers to strtok.o(.data) for .data
    __main.o(!!!main) refers to rtentry.o(.ARM.Collect$$rtentry$$00000000) for __rt_entry
    d2f.o(x$fpl$d2f) refers (Special) to usenofp.o(x$fpl$usenofp) for __I$use$fp
    d2f.o(x$fpl$d2f) refers to fretinf.o(x$fpl$fretinf) for __fpl_fretinf
    d2f.o(x$fpl$d2f) refers to dnaninf.o(x$fpl$dnaninf) for __fpl_dnaninf
    daddsub_clz.o(x$fpl$dadd) refers (Special) to usenofp.o(x$fpl$usenofp) for __I$use$fp
    daddsub_clz.o(x$fpl$dadd) refers to daddsub_clz.o(x$fpl$dsub) for _dsub1
    daddsub_clz.o(x$fpl$dadd) refers to dretinf.o(x$fpl$dretinf) for __fpl_dretinf
    daddsub_clz.o(x$fpl$dadd) refers to dnaninf.o(x$fpl$dnaninf) for __fpl_dnaninf
    daddsub_clz.o(x$fpl$drsb) refers (Special) to usenofp.o(x$fpl$usenofp) for __I$use$fp
    daddsub_clz.o(x$fpl$drsb) refers to daddsub_clz.o(x$fpl$dadd) for _dadd1
    daddsub_clz.o(x$fpl$drsb) refers to daddsub_clz.o(x$fpl$dsub) for _dsub1
    daddsub_clz.o(x$fpl$dsub) refers (Special) to usenofp.o(x$fpl$usenofp) for __I$use$fp
    daddsub_clz.o(x$fpl$dsub) refers to daddsub_clz.o(x$fpl$dadd) for _dadd1
    daddsub_clz.o(x$fpl$dsub) refers to dnaninf.o(x$fpl$dnaninf) for __fpl_dnaninf
    ddiv.o(x$fpl$drdiv) refers (Special) to usenofp.o(x$fpl$usenofp) for __I$use$fp
    ddiv.o(x$fpl$drdiv) refers to ddiv.o(x$fpl$ddiv) for ddiv_entry
    ddiv.o(x$fpl$ddiv) refers (Special) to usenofp.o(x$fpl$usenofp) for __I$use$fp
    ddiv.o(x$fpl$ddiv) refers to dretinf.o(x$fpl$dretinf) for __fpl_dretinf
    ddiv.o(x$fpl$ddiv) refers to dnaninf.o(x$fpl$dnaninf) for __fpl_dnaninf
    dmul.o(x$fpl$dmul) refers (Special) to usenofp.o(x$fpl$usenofp) for __I$use$fp
    dmul.o(x$fpl$dmul) refers to dretinf.o(x$fpl$dretinf) for __fpl_dretinf
    dmul.o(x$fpl$dmul) refers to dnaninf.o(x$fpl$dnaninf) for __fpl_dnaninf
    asin.o(i.__hardfp_asin) refers (Special) to usenofp.o(x$fpl$usenofp) for __I$use$fp
    asin.o(i.__hardfp_asin) refers to daddsub_clz.o(x$fpl$dadd) for __aeabi_dadd
    asin.o(i.__hardfp_asin) refers to dmul.o(x$fpl$dmul) for __aeabi_dmul
    asin.o(i.__hardfp_asin) refers to _rserrno.o(.text) for __set_errno
    asin.o(i.__hardfp_asin) refers to ddiv.o(x$fpl$ddiv) for __aeabi_ddiv
    asin.o(i.__hardfp_asin) refers to fpclassify.o(i.__ARM_fpclassify) for __ARM_fpclassify
    asin.o(i.__hardfp_asin) refers to dunder.o(i.__mathlib_dbl_underflow) for __mathlib_dbl_underflow
[...]
    btod.o(CL$$btod_emul) refers to btod.o(CL$$btod_e2e) for _e2e
    btod.o(CL$$btod_ediv) refers (Special) to usenofp.o(x$fpl$usenofp) for __I$use$fp
    btod.o(CL$$btod_ediv) refers to btod.o(CL$$btod_div_common) for __btod_div_common
    btod.o(CL$$btod_ediv) refers to btod.o(CL$$btod_e2e) for _e2e
    btod.o(CL$$btod_emuld) refers (Special) to usenofp.o(x$fpl$usenofp) for __I$use$fp
    btod.o(CL$$btod_emuld) refers to btod.o(CL$$btod_mult_common) for __btod_mult_common
    btod.o(CL$$btod_emuld) refers to btod.o(CL$$btod_e2d) for _e2d
    btod.o(CL$$btod_edivd) refers (Special) to usenofp.o(x$fpl$usenofp) for __I$use$fp
    btod.o(CL$$btod_edivd) refers to btod.o(CL$$btod_div_common) for __btod_div_common
    btod.o(CL$$btod_edivd) refers to btod.o(CL$$btod_e2d) for _e2d
    btod.o(CL$$btod_e2e) refers (Special) to usenofp.o(x$fpl$usenofp) for __I$use$fp
    btod.o(CL$$btod_e2d) refers (Special) to usenofp.o(x$fpl$usenofp) for __I$use$fp
    btod.o(CL$$btod_e2d) refers to btod.o(CL$$btod_e2e) for _e2e
    btod.o(CL$$btod_mult_common) refers (Special) to usenofp.o(x$fpl$usenofp) for __I$use$fp
    btod.o(CL$$btod_div_common) refers (Special) to usenofp.o(x$fpl$usenofp) for __I$use$fp
    lc_ctype_c.o(locale$$data) refers (Special) to libinit2.o(.ARM.Collect$$libinit$$00000010) for __rt_lib_init_lc_ctype_2
    lc_ctype_c.o(locale$$code) refers (Special) to libinit2.o(.ARM.Collect$$libinit$$00000010) for __rt_lib_init_lc_ctype_2
    lc_ctype_c.o(locale$$code) refers to strcmpv7m.o(.text) for strcmp
    lc_ctype_c.o(locale$$code) refers to lc_ctype_c.o(locale$$data) for __lcctype_c_name
    argv_veneer.o(.emb_text) refers to no_argv.o(.text) for __ARM_get_argv
    fpconst.o(c$$dinf) refers (Special) to usenofp.o(x$fpl$usenofp) for __I$use$fp
    fpconst.o(c$$dnan) refers (Special) to usenofp.o(x$fpl$usenofp) for __I$use$fp
    fpconst.o(c$$finf) refers (Special) to usenofp.o(x$fpl$usenofp) for __I$use$fp
    istatus.o(x$fpl$ieeestatus) refers (Special) to usenofp.o(x$fpl$usenofp) for __I$use$fp
    scanf2.o(x$fpl$scanf2) refers to scanf_hexfp.o(.text) for _scanf_really_hex_real
    scanf2.o(x$fpl$scanf2) refers to scanf_infnan.o(.text) for _scanf_really_infnan
    scanf2b.o(x$fpl$scanf2) refers to scanf_hexfp.o(.text) for _scanf_really_hex_real
    scanf2b.o(x$fpl$scanf2) refers to scanf_infnan.o(.text) for _scanf_really_infnan
    narrow.o(i.__hardfp___mathlib_tofloat) refers (Special) to usenofp.o(x$fpl$usenofp) for __I$use$fp
    narrow.o(i.__hardfp___mathlib_tofloat) refers to frexp.o(i.frexp) for frexp
    narrow.o(i.__hardfp___mathlib_tofloat) refers to deqf.o(x$fpl$deqf) for __aeabi_cdcmpeq
    narrow.o(i.__hardfp___mathlib_tofloat) refers to d2f.o(x$fpl$d2f) for __aeabi_d2f
    narrow.o(i.__hardfp___mathlib_tofloat) refers to _rserrno.o(.text) for __set_errno
    narrow.o(i.__hardfp___mathlib_tofloat) refers to drleqf.o(x$fpl$drleqf) for __aeabi_cdrcmple
    narrow.o(i.__mathlib_narrow) refers (Special) to usenofp.o(x$fpl$usenofp) for __I$use$fp
    narrow.o(i.__mathlib_narrow) refers to frexp.o(i.frexp) for frexp
    narrow.o(i.__mathlib_narrow) refers to deqf.o(x$fpl$deqf) for __aeabi_cdcmpeq
    narrow.o(i.__mathlib_narrow) refers to d2f.o(x$fpl$d2f) for __aeabi_d2f
    narrow.o(i.__mathlib_narrow) refers to _rserrno.o(.text) for __set_errno
    narrow.o(i.__mathlib_narrow) refers to drleqf.o(x$fpl$drleqf) for __aeabi_cdrcmple
    narrow.o(i.__mathlib_tofloat) refers (Special) to usenofp.o(x$fpl$usenofp) for __I$use$fp
    narrow.o(i.__mathlib_tofloat) refers to frexp.o(i.frexp) for frexp
    narrow.o(i.__mathlib_tofloat) refers to deqf.o(x$fpl$deqf) for __aeabi_cdcmpeq
    narrow.o(i.__mathlib_tofloat) refers to d2f.o(x$fpl$d2f) for __aeabi_d2f
    narrow.o(i.__mathlib_tofloat) refers to _rserrno.o(.text) for __set_errno
    narrow.o(i.__mathlib_tofloat) refers to drleqf.o(x$fpl$drleqf) for __aeabi_cdrcmple
    narrow.o(i.__softfp___mathlib_tofloat) refers (Special) to usenofp.o(x$fpl$usenofp) for __I$use$fp
    narrow.o(i.__softfp___mathlib_tofloat) refers to frexp.o(i.frexp) for frexp
    narrow.o(i.__softfp___mathlib_tofloat) refers to deqf.o(x$fpl$deqf) for __aeabi_cdcmpeq
    narrow.o(i.__softfp___mathlib_tofloat) refers to d2f.o(x$fpl$d2f) for __aeabi_d2f
    narrow.o(i.__softfp___mathlib_tofloat) refers to _rserrno.o(.text) for __set_errno
    narrow.o(i.__softfp___mathlib_tofloat) refers to drleqf.o(x$fpl$drleqf) for __aeabi_cdrcmple
    rtexit2.o(.ARM.Collect$$rtexit$$00000003) refers to libshutdown.o(.ARM.Collect$$libshutdown$$00000000) for __rt_lib_shutdown
    rtexit2.o(.ARM.Collect$$rtexit$$00000004) refers to sys_exit.o(.text) for _sys_exit
    rtexit2.o(.ARM.exidx) refers to rtexit2.o(.ARM.Collect$$rtexit$$00000001) for .ARM.Collect$$rtexit$$00000001
    rtexit2.o(.ARM.exidx) refers to rtexit2.o(.ARM.Collect$$rtexit$$00000003) for .ARM.Collect$$rtexit$$00000003
    rtexit2.o(.ARM.exidx) refers to rtexit2.o(.ARM.Collect$$rtexit$$00000004) for .ARM.Collect$$rtexit$$00000004
    scanf_hexfp.o(.text) refers to _chval.o(.text) for _chval
    scanf_hexfp.o(.text) refers to llshl.o(.text) for __aeabi_llsl
    scanf_hexfp.o(.text) refers to ldexp.o(i.__support_ldexp) for __support_ldexp
    scanf_hexfp.o(.text) refers to narrow.o(i.__mathlib_narrow) for __mathlib_narrow
    _get_argv_nomalloc.o(.text) refers (Special) to hrguard.o(.text) for __heap_region$guard
    _get_argv_nomalloc.o(.text) refers to defsig_rtmem_outer.o(.text) for __rt_SIGRTMEM
    _get_argv_nomalloc.o(.text) refers to sys_command.o(.text) for _sys_command_string
    deqf.o(x$fpl$deqf) refers (Special) to usenofp.o(x$fpl$usenofp) for __I$use$fp
    deqf.o(x$fpl$deqf) refers to dnaninf.o(x$fpl$dnaninf) for __fpl_dnaninf
    deqf.o(x$fpl$deqf) refers to dcmpi.o(x$fpl$dcmpinf) for __fpl_dcmp_Inf
    drleqf.o(x$fpl$drleqf) refers (Special) to usenofp.o(x$fpl$usenofp) for __I$use$fp
    drleqf.o(x$fpl$drleqf) refers to dleqf.o(x$fpl$dleqf) for __fpl_dcmple_InfNaN
    frexp.o(i.__hardfp_frexp) refers (Special) to usenofp.o(x$fpl$usenofp) for __I$use$fp
    frexp.o(i.__hardfp_frexp) refers to dmul.o(x$fpl$dmul) for __aeabi_dmul
    frexp.o(i.__softfp_frexp) refers (Special) to usenofp.o(x$fpl$usenofp) for __I$use$fp
    frexp.o(i.__softfp_frexp) refers to dmul.o(x$fpl$dmul) for __aeabi_dmul
    frexp.o(i.frexp) refers (Special) to usenofp.o(x$fpl$usenofp) for __I$use$fp
    frexp.o(i.frexp) refers to dmul.o(x$fpl$dmul) for __aeabi_dmul
    sys_command.o(.text) refers (Special) to use_no_semi.o(.text) for __I$use$semihosting
    sys_command.o(.text) refers (Special) to indicate_semi.o(.text) for __semihosting_library_function
    sys_exit.o(.text) refers (Special) to use_no_semi.o(.text) for __I$use$semihosting
    sys_exit.o(.text) refers (Special) to indicate_semi.o(.text) for __semihosting_library_function
    defsig_rtmem_outer.o(.text) refers to defsig_rtmem_inner.o(.text) for __rt_SIGRTMEM_inner
    defsig_rtmem_outer.o(.text) refers to defsig_exit.o(.text) for __sig_exit
    defsig_rtmem_formal.o(.text) refers to rt_raise.o(.text) for __rt_raise
    libshutdown.o(.ARM.Collect$$libshutdown$$00000000) refers (Special) to libshutdown2.o(.ARM.Collect$$libshutdown$$00000006) for __rt_lib_shutdown_fp_trap_1
    libshutdown.o(.ARM.Collect$$libshutdown$$00000000) refers (Special) to libshutdown2.o(.ARM.Collect$$libshutdown$$0000000E) for __rt_lib_shutdown_heap_1
    libshutdown.o(.ARM.Collect$$libshutdown$$00000000) refers (Special) to libshutdown2.o(.ARM.Collect$$libshutdown$$0000000F) for __rt_lib_shutdown_return
    libshutdown.o(.ARM.Collect$$libshutdown$$00000000) refers (Special) to libshutdown2.o(.ARM.Collect$$libshutdown$$00000009) for __rt_lib_shutdown_signal_1
    libshutdown.o(.ARM.Collect$$libshutdown$$00000000) refers (Special) to libshutdown2.o(.ARM.Collect$$libshutdown$$00000003) for __rt_lib_shutdown_stdio_1
    libshutdown.o(.ARM.Collect$$libshutdown$$00000000) refers (Special) to libshutdown2.o(.ARM.Collect$$libshutdown$$0000000B) for __rt_lib_shutdown_user_alloc_1
    ldexp.o(i.__hardfp_ldexp) refers (Special) to usenofp.o(x$fpl$usenofp) for __I$use$fp
    ldexp.o(i.__hardfp_ldexp) refers to deqf.o(x$fpl$deqf) for __aeabi_cdcmpeq
    ldexp.o(i.__hardfp_ldexp) refers to scalbn.o(x$fpl$scalbn) for __ARM_scalbn
    ldexp.o(i.__hardfp_ldexp) refers to _rserrno.o(.text) for __set_errno
    ldexp.o(i.__hardfp_ldexp) refers to dunder.o(i.__mathlib_dbl_underflow) for __mathlib_dbl_underflow
    ldexp.o(i.__hardfp_ldexp) refers to dmul.o(x$fpl$dmul) for __aeabi_dmul
    ldexp.o(i.__softfp_ldexp) refers (Special) to usenofp.o(x$fpl$usenofp) for __I$use$fp
    ldexp.o(i.__softfp_ldexp) refers to ldexp.o(i.__hardfp_ldexp) for __hardfp_ldexp
    ldexp.o(i.__support_ldexp) refers (Special) to usenofp.o(x$fpl$usenofp) for __I$use$fp
    ldexp.o(i.__support_ldexp) refers to ldexp.o(i.__hardfp_ldexp) for __hardfp_ldexp
    ldexp.o(i.ldexp) refers (Special) to usenofp.o(x$fpl$usenofp) for __I$use$fp
    ldexp.o(i.ldexp) refers to ldexp.o(i.__hardfp_ldexp) for __hardfp_ldexp
    ldexp_x.o(i.____hardfp_ldexp$lsc) refers (Special) to usenofp.o(x$fpl$usenofp) for __I$use$fp
    ldexp_x.o(i.____hardfp_ldexp$lsc) refers to deqf.o(x$fpl$deqf) for __aeabi_cdcmpeq
    ldexp_x.o(i.____hardfp_ldexp$lsc) refers to scalbn.o(x$fpl$scalbn) for __ARM_scalbn
    ldexp_x.o(i.____hardfp_ldexp$lsc) refers to _rserrno.o(.text) for __set_errno
    ldexp_x.o(i.____hardfp_ldexp$lsc) refers to qnan.o(.constdata) for __mathlib_zero
    ldexp_x.o(i.____softfp_ldexp$lsc) refers (Special) to usenofp.o(x$fpl$usenofp) for __I$use$fp
    ldexp_x.o(i.____softfp_ldexp$lsc) refers to ldexp_x.o(i.____hardfp_ldexp$lsc) for ____hardfp_ldexp$lsc
    ldexp_x.o(i.____support_ldexp$lsc) refers (Special) to usenofp.o(x$fpl$usenofp) for __I$use$fp
    ldexp_x.o(i.____support_ldexp$lsc) refers to ldexp_x.o(i.____hardfp_ldexp$lsc) for ____hardfp_ldexp$lsc
    ldexp_x.o(i.__ldexp$lsc) refers (Special) to usenofp.o(x$fpl$usenofp) for __I$use$fp
    ldexp_x.o(i.__ldexp$lsc) refers to ldexp_x.o(i.____hardfp_ldexp$lsc) for ____hardfp_ldexp$lsc
    rt_raise.o(.text) refers to __raise.o(.text) for __raise
    rt_raise.o(.text) refers to sys_exit.o(.text) for _sys_exit
    defsig_exit.o(.text) refers to sys_exit.o(.text) for _sys_exit
    defsig_rtmem_inner.o(.text) refers to defsig_general.o(.text) for __default_signal_display
    scalbn.o(x$fpl$scalbn) refers (Special) to usenofp.o(x$fpl$usenofp) for __I$use$fp
    scalbn.o(x$fpl$scalbn) refers to dcheck1.o(x$fpl$dcheck1) for __fpl_dcheck_NaN1
    qnan.o(.constdata) refers (Special) to usenofp.o(x$fpl$usenofp) for __I$use$fp
    __raise.o(.text) refers to defsig.o(CL$$defsig) for __default_signal_handler
    defsig_general.o(.text) refers to sys_wrch.o(.text) for _ttywrch
    dcheck1.o(x$fpl$dcheck1) refers (Special) to usenofp.o(x$fpl$usenofp) for __I$use$fp
    dcheck1.o(x$fpl$dcheck1) refers to retnan.o(x$fpl$retnan) for __fpl_return_NaN
    sys_wrch.o(.text) refers (Special) to use_no_semi.o(.text) for __I$use$semihosting
    sys_wrch.o(.text) refers (Special) to indicate_semi.o(.text) for __semihosting_library_function
    defsig.o(CL$$defsig) refers to defsig_rtmem_inner.o(.text) for __rt_SIGRTMEM_inner
    retnan.o(x$fpl$retnan) refers (Special) to usenofp.o(x$fpl$usenofp) for __I$use$fp
    retnan.o(x$fpl$retnan) refers to trapv.o(x$fpl$trapveneer) for __fpl_cmpreturn
    defsig_abrt_inner.o(.text) refers to defsig_general.o(.text) for __default_signal_display
    defsig_fpe_inner.o(.text) refers to defsig_general.o(.text) for __default_signal_display
    defsig_rtred_inner.o(.text) refers to defsig_general.o(.text) for __default_signal_display
    defsig_stak_inner.o(.text) refers to defsig_general.o(.text) for __default_signal_display
    defsig_pvfn_inner.o(.text) refers to defsig_general.o(.text) for __default_signal_display
    defsig_cppl_inner.o(.text) refers to defsig_general.o(.text) for __default_signal_display
    defsig_segv_inner.o(.text) refers to defsig_general.o(.text) for __default_signal_display
    defsig_other.o(.text) refers to defsig_general.o(.text) for __default_signal_display
    trapv.o(x$fpl$trapveneer) refers (Special) to usenofp.o(x$fpl$usenofp) for __I$use$fp
    scanf_fp.o(i._is_digit) refers (Special) to usenofp.o(x$fpl$usenofp) for __I$use$fp
    scanf_fp.o(i._is_digit) refers (Special) to lc_numeric_c.o(locale$$code) for _get_lc_numeric


==============================================================================

Removing Unused input sections from the image.

    Removing distance_gps.o(.text), (636 bytes).
    Removing lcd_route.o(.text), (84 bytes).

2 unused section(s) (total 720 bytes) removed from the image.

==============================================================================

Image Symbol Table

    Local Symbols

    Symbol Name                              Value     Ov Type        Size  Object(Section)

    RESET                                    0x00000000   Section      620  startup_tm4c123.o(RESET)
    ../clib/angel/boardlib.s                 0x00000000   Number         0  boardshut.o ABSOLUTE
    ../clib/angel/boardlib.s                 0x00000000   Number         0  boardinit1.o ABSOLUTE
    ../clib/angel/boardlib.s                 0x00000000   Number         0  boardinit2.o ABSOLUTE
    ../clib/angel/boardlib.s                 0x00000000   Number         0  boardinit3.o ABSOLUTE
    ../clib/angel/handlers.s                 0x00000000   Number         0  __scatter_copy.o ABSOLUTE
    ../clib/angel/handlers.s                 0x00000000   Number         0  __scatter_zi.o ABSOLUTE
    ../clib/angel/kernel.s                   0x00000000   Number         0  rtexit.o ABSOLUTE
    ../clib/angel/kernel.s                   0x00000000   Number         0  rtentry2.o ABSOLUTE
    ../clib/angel/kernel.s                   0x00000000   Number         0  rtentry4.o ABSOLUTE
    ../clib/angel/kernel.s                   0x00000000   Number         0  rtexit2.o ABSOLUTE
    ../clib/angel/kernel.s                   0x00000000   Number         0  rtentry.o ABSOLUTE
    ../clib/angel/rt.s                       0x00000000   Number         0  rt_locale_intlibspace.o ABSOLUTE
    ../clib/angel/rt.s                       0x00000000   Number         0  rt_locale.o ABSOLUTE
    ../clib/angel/rt.s                       0x00000000   Number         0  rt_errno_addr_intlibspace.o ABSOLUTE
    ../clib/angel/rt.s                       0x00000000   Number         0  rt_errno_addr.o ABSOLUTE
    ../clib/angel/rt.s                       0x00000000   Number         0  rt_raise.o ABSOLUTE
    ../clib/angel/rt.s                       0x00000000   Number         0  rt_ctype_table.o ABSOLUTE
    ../clib/angel/scatter.s                  0x00000000   Number         0  __scatter.o ABSOLUTE
    ../clib/angel/startup.s                  0x00000000   Number         0  __main.o ABSOLUTE
    ../clib/angel/sys.s                      0x00000000   Number         0  indicate_semi.o ABSOLUTE
    ../clib/angel/sys.s                      0x00000000   Number         0  use_no_semi.o ABSOLUTE
    ../clib/angel/sys.s                      0x00000000   Number         0  libspace.o ABSOLUTE
    ../clib/angel/sys.s                      0x00000000   Number         0  sys_stackheap_outer.o ABSOLUTE
    ../clib/angel/sysapp.c                   0x00000000   Number         0  sys_command.o ABSOLUTE
    ../clib/angel/sysapp.c                   0x00000000   Number         0  sys_exit.o ABSOLUTE
    ../clib/angel/sysapp.c                   0x00000000   Number         0  sys_wrch.o ABSOLUTE
    ../clib/armsys.c                         0x00000000   Number         0  no_argv.o ABSOLUTE
    ../clib/armsys.c                         0x00000000   Number         0  _get_argv_nomalloc.o ABSOLUTE
    ../clib/armsys.c                         0x00000000   Number         0  argv_veneer.o ABSOLUTE
    ../clib/armsys.c                         0x00000000   Number         0  argv_veneer.o ABSOLUTE
    ../clib/bigflt.c                         0x00000000   Number         0  bigflt0.o ABSOLUTE
    ../clib/btod.s                           0x00000000   Number         0  btod.o ABSOLUTE
    ../clib/ctype.c                          0x00000000   Number         0  isspace.o ABSOLUTE
    ../clib/fenv.c                           0x00000000   Number         0  _rserrno.o ABSOLUTE
    ../clib/heapalloc.c                      0x00000000   Number         0  hrguard.o ABSOLUTE
    ../clib/heapaux.c                        0x00000000   Number         0  heapauxi.o ABSOLUTE
    ../clib/libinit.s                        0x00000000   Number         0  libshutdown2.o ABSOLUTE
    ../clib/libinit.s                        0x00000000   Number         0  libinit2.o ABSOLUTE
    ../clib/libinit.s                        0x00000000   Number         0  libinit.o ABSOLUTE
    ../clib/libinit.s                        0x00000000   Number         0  libshutdown.o ABSOLUTE
    ../clib/locale.s                         0x00000000   Number         0  lc_numeric_c.o ABSOLUTE
    ../clib/locale.s                         0x00000000   Number         0  lc_ctype_c.o ABSOLUTE
    ../clib/longlong.s                       0x00000000   Number         0  llshl.o ABSOLUTE
    ../clib/memcpset.s                       0x00000000   Number         0  strcmpv7m.o ABSOLUTE
    ../clib/scanf.c                          0x00000000   Number         0  _chval.o ABSOLUTE
    ../clib/scanf.c                          0x00000000   Number         0  scanf_infnan.o ABSOLUTE
    ../clib/scanf.c                          0x00000000   Number         0  scanf_hexfp.o ABSOLUTE
    ../clib/scanf.c                          0x00000000   Number         0  strtod.o ABSOLUTE
    ../clib/scanf.c                          0x00000000   Number         0  _sgetc.o ABSOLUTE
    ../clib/scanf.c                          0x00000000   Number         0  scanf_fp.o ABSOLUTE
    ../clib/signal.c                         0x00000000   Number         0  defsig_general.o ABSOLUTE
    ../clib/signal.c                         0x00000000   Number         0  __raise.o ABSOLUTE
    ../clib/signal.c                         0x00000000   Number         0  defsig_rtmem_outer.o ABSOLUTE
    ../clib/signal.c                         0x00000000   Number         0  defsig_stak_inner.o ABSOLUTE
    ../clib/signal.c                         0x00000000   Number         0  defsig_rtred_inner.o ABSOLUTE
    ../clib/signal.c                         0x00000000   Number         0  defsig_fpe_inner.o ABSOLUTE
    ../clib/signal.c                         0x00000000   Number         0  defsig_abrt_inner.o ABSOLUTE
    ../clib/signal.c                         0x00000000   Number         0  defsig_rtmem_formal.o ABSOLUTE
    ../clib/signal.c                         0x00000000   Number         0  defsig_exit.o ABSOLUTE
    ../clib/signal.c                         0x00000000   Number         0  defsig_rtmem_inner.o ABSOLUTE
    ../clib/signal.c                         0x00000000   Number         0  defsig_other.o ABSOLUTE
    ../clib/signal.c                         0x00000000   Number         0  defsig_segv_inner.o ABSOLUTE
    ../clib/signal.c                         0x00000000   Number         0  defsig_cppl_inner.o ABSOLUTE
    ../clib/signal.c                         0x00000000   Number         0  defsig_pvfn_inner.o ABSOLUTE
    ../clib/signal.s                         0x00000000   Number         0  defsig.o ABSOLUTE
    ../clib/stdlib.c                         0x00000000   Number         0  exit.o ABSOLUTE
    ../clib/string.c                         0x00000000   Number         0  strcpy.o ABSOLUTE
    ../clib/string.c                         0x00000000   Number         0  strcspn.o ABSOLUTE
    ../clib/string.c                         0x00000000   Number         0  strtok.o ABSOLUTE
    ../clib/string.c                         0x00000000   Number         0  strtok_int.o ABSOLUTE
    ../clib/string.c                         0x00000000   Number         0  strspn.o ABSOLUTE
    ../fplib/basic.s                         0x00000000   Number         0  basic.o ABSOLUTE
    ../fplib/d2f.s                           0x00000000   Number         0  d2f.o ABSOLUTE
    ../fplib/daddsub.s                       0x00000000   Number         0  daddsub_clz.o ABSOLUTE
    ../fplib/dcheck1.s                       0x00000000   Number         0  dcheck1.o ABSOLUTE
    ../fplib/dcmpi.s                         0x00000000   Number         0  dcmpi.o ABSOLUTE
    ../fplib/ddiv.s                          0x00000000   Number         0  ddiv.o ABSOLUTE
    ../fplib/deqf.s                          0x00000000   Number         0  deqf.o ABSOLUTE
    ../fplib/dfix.s                          0x00000000   Number         0  dfix.o ABSOLUTE
    ../fplib/dflt.s                          0x00000000   Number         0  dflt_clz.o ABSOLUTE
    ../fplib/dleqf.s                         0x00000000   Number         0  dleqf.o ABSOLUTE
    ../fplib/dmul.s                          0x00000000   Number         0  dmul.o ABSOLUTE
    ../fplib/dnaninf.s                       0x00000000   Number         0  dnaninf.o ABSOLUTE
    ../fplib/dretinf.s                       0x00000000   Number         0  dretinf.o ABSOLUTE
    ../fplib/drleqf.s                        0x00000000   Number         0  drleqf.o ABSOLUTE
    ../fplib/dsqrt.s                         0x00000000   Number         0  dsqrt_umaal.o ABSOLUTE
    ../fplib/fpconst.s                       0x00000000   Number         0  fpconst.o ABSOLUTE
    ../fplib/fpinit.s                        0x00000000   Number         0  fpinit.o ABSOLUTE
    ../fplib/fretinf.s                       0x00000000   Number         0  fretinf.o ABSOLUTE
    ../fplib/istatus.s                       0x00000000   Number         0  istatus.o ABSOLUTE
    ../fplib/retnan.s                        0x00000000   Number         0  retnan.o ABSOLUTE
    ../fplib/scalbn.s                        0x00000000   Number         0  scalbn.o ABSOLUTE
    ../fplib/scanf1.s                        0x00000000   Number         0  scanf1.o ABSOLUTE
    ../fplib/scanf2.s                        0x00000000   Number         0  scanf2.o ABSOLUTE
    ../fplib/scanf2a.s                       0x00000000   Number         0  scanf2a.o ABSOLUTE
    ../fplib/scanf2b.s                       0x00000000   Number         0  scanf2b.o ABSOLUTE
    ../fplib/trapv.s                         0x00000000   Number         0  trapv.o ABSOLUTE
    ../fplib/usenofp.s                       0x00000000   Number         0  usenofp.o ABSOLUTE
    ../mathlib/asin.c                        0x00000000   Number         0  asin.o ABSOLUTE
    ../mathlib/asin.c                        0x00000000   Number         0  asin_x.o ABSOLUTE
    ../mathlib/atof.c                        0x00000000   Number         0  atof.o ABSOLUTE
    ../mathlib/cos.c                         0x00000000   Number         0  cos.o ABSOLUTE
    ../mathlib/cos.c                         0x00000000   Number         0  cos_x.o ABSOLUTE
    ../mathlib/cos_i.c                       0x00000000   Number         0  cos_i.o ABSOLUTE
    ../mathlib/dunder.c                      0x00000000   Number         0  dunder.o ABSOLUTE
    ../mathlib/fabs.c                        0x00000000   Number         0  fabs.o ABSOLUTE
    ../mathlib/fpclassify.c                  0x00000000   Number         0  fpclassify.o ABSOLUTE
    ../mathlib/frexp.c                       0x00000000   Number         0  frexp.o ABSOLUTE
    ../mathlib/ldexp.c                       0x00000000   Number         0  ldexp_x.o ABSOLUTE
    ../mathlib/ldexp.c                       0x00000000   Number         0  ldexp.o ABSOLUTE
    ../mathlib/narrow.c                      0x00000000   Number         0  narrow.o ABSOLUTE
    ../mathlib/poly.c                        0x00000000   Number         0  poly.o ABSOLUTE
    ../mathlib/qnan.c                        0x00000000   Number         0  qnan.o ABSOLUTE
    ../mathlib/rred.c                        0x00000000   Number         0  rred.o ABSOLUTE
    ../mathlib/sin.c                         0x00000000   Number         0  sin_x.o ABSOLUTE
    ../mathlib/sin.c                         0x00000000   Number         0  sin.o ABSOLUTE
    ../mathlib/sin_i.c                       0x00000000   Number         0  sin_i_x.o ABSOLUTE
    ../mathlib/sin_i.c                       0x00000000   Number         0  sin_i.o ABSOLUTE
    ../mathlib/sqrt.c                        0x00000000   Number         0  sqrt.o ABSOLUTE
    ../mathlib/sqrt.c                        0x00000000   Number         0  sqrt_x.o ABSOLUTE
    Distance_Gps.c                           0x00000000   Number         0  distance_gps.o ABSOLUTE
    Lcd_Function.c                           0x00000000   Number         0  lcd_function.o ABSOLUTE
    Lcd_route.c                              0x00000000   Number         0  lcd_route.o ABSOLUTE
    Led.c                                    0x00000000   Number         0  led.o ABSOLUTE
    UART.c                                   0x00000000   Number         0  uart.o ABSOLUTE
    dc.s                                     0x00000000   Number         0  dc.o ABSOLUTE
    delay.c                                  0x00000000   Number         0  delay.o ABSOLUTE
    startup_TM4C123.s                        0x00000000   Number         0  startup_tm4c123.o ABSOLUTE
    test.c                                   0x00000000   Number         0  test.o ABSOLUTE
    !!!main                                  0x0000026c   Section        8  __main.o(!!!main)
    !!!scatter                               0x00000274   Section       52  __scatter.o(!!!scatter)
    !!handler_copy                           0x000002a8   Section       26  __scatter_copy.o(!!handler_copy)
    !!handler_zi                             0x000002c4   Section       28  __scatter_zi.o(!!handler_zi)
    .ARM.Collect$$libinit$$00000000          0x000002e0   Section        2  libinit.o(.ARM.Collect$$libinit$$00000000)
    .ARM.Collect$$libinit$$00000001          0x000002e2   Section        4  libinit2.o(.ARM.Collect$$libinit$$00000001)
    .ARM.Collect$$libinit$$00000008          0x000002e6   Section        0  libinit2.o(.ARM.Collect$$libinit$$00000008)
    .ARM.Collect$$libinit$$0000000A          0x000002e6   Section        0  libinit2.o(.ARM.Collect$$libinit$$0000000A)
    .ARM.Collect$$libinit$$0000000C          0x000002e6   Section        0  libinit2.o(.ARM.Collect$$libinit$$0000000C)
    .ARM.Collect$$libinit$$0000000D          0x000002e6   Section        6  libinit2.o(.ARM.Collect$$libinit$$0000000D)
    .ARM.Collect$$libinit$$0000000F          0x000002ec   Section        0  libinit2.o(.ARM.Collect$$libinit$$0000000F)
    .ARM.Collect$$libinit$$00000010          0x000002ec   Section       12  libinit2.o(.ARM.Collect$$libinit$$00000010)
    .ARM.Collect$$libinit$$00000011          0x000002f8   Section        0  libinit2.o(.ARM.Collect$$libinit$$00000011)
    .ARM.Collect$$libinit$$00000013          0x000002f8   Section        0  libinit2.o(.ARM.Collect$$libinit$$00000013)
    .ARM.Collect$$libinit$$00000014          0x000002f8   Section       10  libinit2.o(.ARM.Collect$$libinit$$00000014)
    .ARM.Collect$$libinit$$00000015          0x00000302   Section        0  libinit2.o(.ARM.Collect$$libinit$$00000015)
    .ARM.Collect$$libinit$$00000017          0x00000302   Section        0  libinit2.o(.ARM.Collect$$libinit$$00000017)
    .ARM.Collect$$libinit$$00000019          0x00000302   Section        0  libinit2.o(.ARM.Collect$$libinit$$00000019)
    .ARM.Collect$$libinit$$0000001B          0x00000302   Section        0  libinit2.o(.ARM.Collect$$libinit$$0000001B)
    .ARM.Collect$$libinit$$0000001D          0x00000302   Section        0  libinit2.o(.ARM.Collect$$libinit$$0000001D)
    .ARM.Collect$$libinit$$0000001F          0x00000302   Section        0  libinit2.o(.ARM.Collect$$libinit$$0000001F)
    .ARM.Collect$$libinit$$00000021          0x00000302   Section        0  libinit2.o(.ARM.Collect$$libinit$$00000021)
    .ARM.Collect$$libinit$$00000023          0x00000302   Section        0  libinit2.o(.ARM.Collect$$libinit$$00000023)
    .ARM.Collect$$libinit$$0000002A          0x00000302   Section        0  libinit2.o(.ARM.Collect$$libinit$$0000002A)
    .ARM.Collect$$libinit$$0000002C          0x00000302   Section        0  libinit2.o(.ARM.Collect$$libinit$$0000002C)
    .ARM.Collect$$libinit$$0000002E          0x00000302   Section        0  libinit2.o(.ARM.Collect$$libinit$$0000002E)
    .ARM.Collect$$libinit$$00000030          0x00000302   Section        0  libinit2.o(.ARM.Collect$$libinit$$00000030)
    .ARM.Collect$$libinit$$00000031          0x00000302   Section        2  libinit2.o(.ARM.Collect$$libinit$$00000031)
    .ARM.Collect$$libshutdown$$00000000      0x00000304   Section        2  libshutdown.o(.ARM.Collect$$libshutdown$$00000000)
    .ARM.Collect$$libshutdown$$00000003      0x00000306   Section        0  libshutdown2.o(.ARM.Collect$$libshutdown$$00000003)
    .ARM.Collect$$libshutdown$$00000006      0x00000306   Section        0  libshutdown2.o(.ARM.Collect$$libshutdown$$00000006)
    .ARM.Collect$$libshutdown$$00000009      0x00000306   Section        0  libshutdown2.o(.ARM.Collect$$libshutdown$$00000009)
    .ARM.Collect$$libshutdown$$0000000B      0x00000306   Section        0  libshutdown2.o(.ARM.Collect$$libshutdown$$0000000B)
    .ARM.Collect$$libshutdown$$0000000E      0x00000306   Section        0  libshutdown2.o(.ARM.Collect$$libshutdown$$0000000E)
    .ARM.Collect$$libshutdown$$0000000F      0x00000306   Section        2  libshutdown2.o(.ARM.Collect$$libshutdown$$0000000F)
    .ARM.Collect$$rtentry$$00000000          0x00000308   Section        0  rtentry.o(.ARM.Collect$$rtentry$$00000000)
    .ARM.Collect$$rtentry$$00000002          0x00000308   Section        0  rtentry2.o(.ARM.Collect$$rtentry$$00000002)
    .ARM.Collect$$rtentry$$00000004          0x00000308   Section        6  rtentry4.o(.ARM.Collect$$rtentry$$00000004)
    .ARM.Collect$$rtentry$$00000009          0x0000030e   Section        0  rtentry2.o(.ARM.Collect$$rtentry$$00000009)
    .ARM.Collect$$rtentry$$0000000A          0x0000030e   Section        4  rtentry2.o(.ARM.Collect$$rtentry$$0000000A)
    .ARM.Collect$$rtentry$$0000000C          0x00000312   Section        0  rtentry2.o(.ARM.Collect$$rtentry$$0000000C)
    .ARM.Collect$$rtentry$$0000000D          0x00000312   Section        8  rtentry2.o(.ARM.Collect$$rtentry$$0000000D)
    .ARM.Collect$$rtexit$$00000000           0x0000031a   Section        2  rtexit.o(.ARM.Collect$$rtexit$$00000000)
    .ARM.Collect$$rtexit$$00000002           0x0000031c   Section        0  rtexit2.o(.ARM.Collect$$rtexit$$00000002)
    .ARM.Collect$$rtexit$$00000003           0x0000031c   Section        4  rtexit2.o(.ARM.Collect$$rtexit$$00000003)
    .ARM.Collect$$rtexit$$00000004           0x00000320   Section        6  rtexit2.o(.ARM.Collect$$rtexit$$00000004)
    .text                                    0x00000328   Section      276  startup_tm4c123.o(.text)
    $v0                                      0x00000328   Number         0  startup_tm4c123.o(.text)
    .text                                    0x0000043c   Section        0  uart.o(.text)
    .text                                    0x000005a8   Section        0  test.o(.text)
    .text                                    0x0000080c   Section        0  led.o(.text)
    .text                                    0x000008a8   Section        0  lcd_function.o(.text)
    .text                                    0x00000a10   Section        0  delay.o(.text)
    .text                                    0x00000a28   Section        0  strtok.o(.text)
    .text                                    0x00000a34   Section        0  strcpy.o(.text)
    .text                                    0x00000a7c   Section      128  strcmpv7m.o(.text)
    .text                                    0x00000afc   Section        0  heapauxi.o(.text)
    .text                                    0x00000b02   Section        0  _rserrno.o(.text)
    .text                                    0x00000b18   Section        0  strtod.o(.text)
    _local_sscanf                            0x00000b19   Thumb Code    60  strtod.o(.text)
    .text                                    0x00000bb8   Section        0  strtok_int.o(.text)
    .text                                    0x00000bfc   Section        8  rt_errno_addr_intlibspace.o(.text)
    .text                                    0x00000c04   Section        0  isspace.o(.text)
    .text                                    0x00000c16   Section        0  _sgetc.o(.text)
    .text                                    0x00000c56   Section        0  strcspn.o(.text)
    .text                                    0x00000c76   Section        0  strspn.o(.text)
    .text                                    0x00000c94   Section        8  libspace.o(.text)
    .text                                    0x00000c9c   Section       74  sys_stackheap_outer.o(.text)
    .text                                    0x00000ce8   Section       16  rt_ctype_table.o(.text)
    .text                                    0x00000cf8   Section        0  scanf_fp.o(.text)
    _fp_value                                0x00000cf9   Thumb Code   504  scanf_fp.o(.text)
    .text                                    0x0000119c   Section        0  exit.o(.text)
    .text                                    0x000011a8   Section        8  rt_locale_intlibspace.o(.text)
    .text                                    0x000011b0   Section        0  bigflt0.o(.text)
    .text                                    0x00001294   Section        0  scanf_hexfp.o(.text)
    .text                                    0x000015a8   Section        0  scanf_infnan.o(.text)
    .text                                    0x000016e4   Section        0  sys_exit.o(.text)
    .text                                    0x000016f0   Section       38  llshl.o(.text)
    .text                                    0x00001716   Section        0  _chval.o(.text)
    .text                                    0x00001732   Section        2  use_no_semi.o(.text)
    .text                                    0x00001734   Section        0  indicate_semi.o(.text)
    CL$$btod_div_common                      0x00001734   Section      824  btod.o(CL$$btod_div_common)
    CL$$btod_e2d                             0x00001a6c   Section       84  btod.o(CL$$btod_e2d)
    CL$$btod_e2e                             0x00001ac0   Section      198  btod.o(CL$$btod_e2e)
    CL$$btod_ediv                            0x00001b86   Section       40  btod.o(CL$$btod_ediv)
    CL$$btod_edivd                           0x00001bae   Section       40  btod.o(CL$$btod_edivd)
    CL$$btod_emul                            0x00001bd6   Section       40  btod.o(CL$$btod_emul)
    CL$$btod_emuld                           0x00001bfe   Section       40  btod.o(CL$$btod_emuld)
    CL$$btod_mult_common                     0x00001c26   Section      580  btod.o(CL$$btod_mult_common)
    i.__hardfp_atof                          0x00001e70   Section        0  atof.o(i.__hardfp_atof)
    i.__hardfp_ldexp                         0x00001ea8   Section        0  ldexp.o(i.__hardfp_ldexp)
    i.__mathlib_dbl_underflow                0x00001f90   Section        0  dunder.o(i.__mathlib_dbl_underflow)
    i.__mathlib_narrow                       0x00001fb0   Section        0  narrow.o(i.__mathlib_narrow)
    i.__support_ldexp                        0x00002068   Section        0  ldexp.o(i.__support_ldexp)
    i._is_digit                              0x0000207c   Section        0  scanf_fp.o(i._is_digit)
    i.frexp                                  0x00002090   Section        0  frexp.o(i.frexp)
    locale$$code                             0x0000212c   Section       44  lc_numeric_c.o(locale$$code)
    locale$$code                             0x00002158   Section       44  lc_ctype_c.o(locale$$code)
    x$fpl$d2f                                0x00002184   Section       98  d2f.o(x$fpl$d2f)
    $v0                                      0x00002184   Number         0  d2f.o(x$fpl$d2f)
    x$fpl$dcheck1                            0x000021e8   Section       16  dcheck1.o(x$fpl$dcheck1)
    $v0                                      0x000021e8   Number         0  dcheck1.o(x$fpl$dcheck1)
    x$fpl$dcmpinf                            0x000021f8   Section       24  dcmpi.o(x$fpl$dcmpinf)
    $v0                                      0x000021f8   Number         0  dcmpi.o(x$fpl$dcmpinf)
    x$fpl$deqf                               0x00002210   Section      120  deqf.o(x$fpl$deqf)
    $v0                                      0x00002210   Number         0  deqf.o(x$fpl$deqf)
    x$fpl$dleqf                              0x00002288   Section      120  dleqf.o(x$fpl$dleqf)
    $v0                                      0x00002288   Number         0  dleqf.o(x$fpl$dleqf)
    x$fpl$dmul                               0x00002300   Section      340  dmul.o(x$fpl$dmul)
    $v0                                      0x00002300   Number         0  dmul.o(x$fpl$dmul)
    x$fpl$dnaninf                            0x00002454   Section      156  dnaninf.o(x$fpl$dnaninf)
    $v0                                      0x00002454   Number         0  dnaninf.o(x$fpl$dnaninf)
    x$fpl$dretinf                            0x000024f0   Section       12  dretinf.o(x$fpl$dretinf)
    $v0                                      0x000024f0   Number         0  dretinf.o(x$fpl$dretinf)
    x$fpl$drleqf                             0x000024fc   Section      108  drleqf.o(x$fpl$drleqf)
    $v0                                      0x000024fc   Number         0  drleqf.o(x$fpl$drleqf)
    x$fpl$fpinit                             0x00002568   Section       10  fpinit.o(x$fpl$fpinit)
    $v0                                      0x00002568   Number         0  fpinit.o(x$fpl$fpinit)
    x$fpl$fretinf                            0x00002572   Section       10  fretinf.o(x$fpl$fretinf)
    $v0                                      0x00002572   Number         0  fretinf.o(x$fpl$fretinf)
    x$fpl$retnan                             0x0000257c   Section      100  retnan.o(x$fpl$retnan)
    $v0                                      0x0000257c   Number         0  retnan.o(x$fpl$retnan)
    x$fpl$scalbn                             0x000025e0   Section       92  scalbn.o(x$fpl$scalbn)
    $v0                                      0x000025e0   Number         0  scalbn.o(x$fpl$scalbn)
    x$fpl$scanf1                             0x0000263c   Section        4  scanf1.o(x$fpl$scanf1)
    $v0                                      0x0000263c   Number         0  scanf1.o(x$fpl$scanf1)
    x$fpl$scanf2                             0x00002640   Section        8  scanf2.o(x$fpl$scanf2)
    $v0                                      0x00002640   Number         0  scanf2.o(x$fpl$scanf2)
    x$fpl$trapveneer                         0x00002648   Section       48  trapv.o(x$fpl$trapveneer)
    $v0                                      0x00002648   Number         0  trapv.o(x$fpl$trapveneer)
    .constdata                               0x00002678   Section      148  bigflt0.o(.constdata)
    x$fpl$usenofp                            0x00002678   Section        0  usenofp.o(x$fpl$usenofp)
    tenpwrs_x                                0x00002678   Data          60  bigflt0.o(.constdata)
    tenpwrs_i                                0x000026b4   Data          64  bigflt0.o(.constdata)
    c$$dinf                                  0x0000272c   Section        8  fpconst.o(c$$dinf)
    locale$$data                             0x00002734   Section       28  lc_numeric_c.o(locale$$data)
    __lcnum_c_name                           0x00002738   Data           2  lc_numeric_c.o(locale$$data)
    __lcnum_c_start                          0x00002740   Data           0  lc_numeric_c.o(locale$$data)
    __lcnum_c_point                          0x0000274c   Data           0  lc_numeric_c.o(locale$$data)
    __lcnum_c_thousands                      0x0000274e   Data           0  lc_numeric_c.o(locale$$data)
    __lcnum_c_grouping                       0x0000274f   Data           0  lc_numeric_c.o(locale$$data)
    locale$$data                             0x00002750   Section      272  lc_ctype_c.o(locale$$data)
    __lcnum_c_end                            0x00002750   Data           0  lc_numeric_c.o(locale$$data)
    __lcctype_c_name                         0x00002754   Data           2  lc_ctype_c.o(locale$$data)
    __lcctype_c_start                        0x0000275c   Data           0  lc_ctype_c.o(locale$$data)
    __lcctype_c_end                          0x00002860   Data           0  lc_ctype_c.o(locale$$data)
    .data                                    0x20000000   Section        2  test.o(.data)
    .data                                    0x20000004   Section        4  strtok.o(.data)
    _strtok_saves1                           0x20000004   Data           4  strtok.o(.data)
    .bss                                     0x20000008   Section     1600  test.o(.bss)
    .bss                                     0x20000648   Section       96  libspace.o(.bss)
    HEAP                                     0x200006a8   Section        0  startup_tm4c123.o(HEAP)
    STACK                                    0x200006a8   Section      512  startup_tm4c123.o(STACK)
    Heap_Mem                                 0x200006a8   Data           0  startup_tm4c123.o(HEAP)
    Stack_Mem                                0x200006a8   Data         512  startup_tm4c123.o(STACK)
    __initial_sp                             0x200008a8   Data           0  startup_tm4c123.o(STACK)

    Global Symbols

    Symbol Name                              Value     Ov Type        Size  Object(Section)

    BuildAttributes$$THM_ISAv4$E$P$D$K$B$S$7EM$VFPi3$EXTD16$VFPS$VFMA$PE$A:L22UL41UL21$X:L11$S22US41US21$IEEE1$IW$USESV6$~STKCKD$USESV7$~SHL$OTIME$ROPI$IEEEX$EBA8$UX$STANDARDLIB$REQ8$PRES8$EABIv2 0x00000000   Number         0  anon$$obj.o ABSOLUTE
    __ARM_use_no_argv                        0x00000000   Number         0  test.o ABSOLUTE
    __Vectors                                0x00000000   Data           4  startup_tm4c123.o(RESET)
    __ARM_exceptions_init                     - Undefined Weak Reference
    __alloca_initialize                       - Undefined Weak Reference
    __cpp_initialize__aeabi_                  - Undefined Weak Reference
    __cxa_finalize                            - Undefined Weak Reference
    __sigvec_lookup                           - Undefined Weak Reference
    _atexit_init                              - Undefined Weak Reference
    _call_atexit_fns                          - Undefined Weak Reference
    _clock_init                               - Undefined Weak Reference
    _fp_trap_init                             - Undefined Weak Reference
    _fp_trap_shutdown                         - Undefined Weak Reference
    _get_lc_collate                           - Undefined Weak Reference
    _get_lc_monetary                          - Undefined Weak Reference
    _get_lc_time                              - Undefined Weak Reference
    _getenv_init                              - Undefined Weak Reference
    _handle_redirection                       - Undefined Weak Reference
    _init_alloc                               - Undefined Weak Reference
    _init_user_alloc                          - Undefined Weak Reference
    _initio                                   - Undefined Weak Reference
    _rand_init                                - Undefined Weak Reference
    _signal_finish                            - Undefined Weak Reference
    _signal_init                              - Undefined Weak Reference
    _terminate_alloc                          - Undefined Weak Reference
    _terminate_user_alloc                     - Undefined Weak Reference
    _terminateio                              - Undefined Weak Reference
    __Vectors_End                            0x0000026c   Data           0  startup_tm4c123.o(RESET)
    __Vectors_Size                           0x0000026c   Number         0  startup_tm4c123.o ABSOLUTE
    __main                                   0x0000026d   Thumb Code     8  __main.o(!!!main)
    __scatterload                            0x00000275   Thumb Code     0  __scatter.o(!!!scatter)
    __scatterload_rt2                        0x00000275   Thumb Code    44  __scatter.o(!!!scatter)
    __scatterload_rt2_thumb_only             0x00000275   Thumb Code     0  __scatter.o(!!!scatter)
    __scatterload_null                       0x00000283   Thumb Code     0  __scatter.o(!!!scatter)
    __scatterload_copy                       0x000002a9   Thumb Code    26  __scatter_copy.o(!!handler_copy)
    __scatterload_zeroinit                   0x000002c5   Thumb Code    28  __scatter_zi.o(!!handler_zi)
    __rt_lib_init                            0x000002e1   Thumb Code     0  libinit.o(.ARM.Collect$$libinit$$00000000)
    __rt_lib_init_fp_1                       0x000002e3   Thumb Code     0  libinit2.o(.ARM.Collect$$libinit$$00000001)
    __rt_lib_init_heap_1                     0x000002e7   Thumb Code     0  libinit2.o(.ARM.Collect$$libinit$$00000008)
    __rt_lib_init_lc_common                  0x000002e7   Thumb Code     0  libinit2.o(.ARM.Collect$$libinit$$0000000D)
    __rt_lib_init_rand_1                     0x000002e7   Thumb Code     0  libinit2.o(.ARM.Collect$$libinit$$0000000C)
    __rt_lib_init_user_alloc_1               0x000002e7   Thumb Code     0  libinit2.o(.ARM.Collect$$libinit$$0000000A)
    __rt_lib_init_lc_collate_1               0x000002ed   Thumb Code     0  libinit2.o(.ARM.Collect$$libinit$$0000000F)
    __rt_lib_init_lc_ctype_2                 0x000002ed   Thumb Code     0  libinit2.o(.ARM.Collect$$libinit$$00000010)
    __rt_lib_init_lc_ctype_1                 0x000002f9   Thumb Code     0  libinit2.o(.ARM.Collect$$libinit$$00000011)
    __rt_lib_init_lc_monetary_1              0x000002f9   Thumb Code     0  libinit2.o(.ARM.Collect$$libinit$$00000013)
    __rt_lib_init_lc_numeric_2               0x000002f9   Thumb Code     0  libinit2.o(.ARM.Collect$$libinit$$00000014)
    __rt_lib_init_alloca_1                   0x00000303   Thumb Code     0  libinit2.o(.ARM.Collect$$libinit$$0000002C)
    __rt_lib_init_argv_1                     0x00000303   Thumb Code     0  libinit2.o(.ARM.Collect$$libinit$$0000002A)
    __rt_lib_init_atexit_1                   0x00000303   Thumb Code     0  libinit2.o(.ARM.Collect$$libinit$$00000019)
    __rt_lib_init_clock_1                    0x00000303   Thumb Code     0  libinit2.o(.ARM.Collect$$libinit$$0000001F)
    __rt_lib_init_cpp_1                      0x00000303   Thumb Code     0  libinit2.o(.ARM.Collect$$libinit$$00000030)
    __rt_lib_init_exceptions_1               0x00000303   Thumb Code     0  libinit2.o(.ARM.Collect$$libinit$$0000002E)
    __rt_lib_init_fp_trap_1                  0x00000303   Thumb Code     0  libinit2.o(.ARM.Collect$$libinit$$0000001D)
    __rt_lib_init_getenv_1                   0x00000303   Thumb Code     0  libinit2.o(.ARM.Collect$$libinit$$00000021)
    __rt_lib_init_lc_numeric_1               0x00000303   Thumb Code     0  libinit2.o(.ARM.Collect$$libinit$$00000015)
    __rt_lib_init_lc_time_1                  0x00000303   Thumb Code     0  libinit2.o(.ARM.Collect$$libinit$$00000017)
    __rt_lib_init_return                     0x00000303   Thumb Code     0  libinit2.o(.ARM.Collect$$libinit$$00000031)
    __rt_lib_init_signal_1                   0x00000303   Thumb Code     0  libinit2.o(.ARM.Collect$$libinit$$0000001B)
    __rt_lib_init_stdio_1                    0x00000303   Thumb Code     0  libinit2.o(.ARM.Collect$$libinit$$00000023)
    __rt_lib_shutdown                        0x00000305   Thumb Code     0  libshutdown.o(.ARM.Collect$$libshutdown$$00000000)
    __rt_lib_shutdown_fp_trap_1              0x00000307   Thumb Code     0  libshutdown2.o(.ARM.Collect$$libshutdown$$00000006)
    __rt_lib_shutdown_heap_1                 0x00000307   Thumb Code     0  libshutdown2.o(.ARM.Collect$$libshutdown$$0000000E)
    __rt_lib_shutdown_return                 0x00000307   Thumb Code     0  libshutdown2.o(.ARM.Collect$$libshutdown$$0000000F)
    __rt_lib_shutdown_signal_1               0x00000307   Thumb Code     0  libshutdown2.o(.ARM.Collect$$libshutdown$$00000009)
    __rt_lib_shutdown_stdio_1                0x00000307   Thumb Code     0  libshutdown2.o(.ARM.Collect$$libshutdown$$00000003)
    __rt_lib_shutdown_user_alloc_1           0x00000307   Thumb Code     0  libshutdown2.o(.ARM.Collect$$libshutdown$$0000000B)
    __rt_entry                               0x00000309   Thumb Code     0  rtentry.o(.ARM.Collect$$rtentry$$00000000)
    __rt_entry_presh_1                       0x00000309   Thumb Code     0  rtentry2.o(.ARM.Collect$$rtentry$$00000002)
    __rt_entry_sh                            0x00000309   Thumb Code     0  rtentry4.o(.ARM.Collect$$rtentry$$00000004)
    __rt_entry_li                            0x0000030f   Thumb Code     0  rtentry2.o(.ARM.Collect$$rtentry$$0000000A)
    __rt_entry_postsh_1                      0x0000030f   Thumb Code     0  rtentry2.o(.ARM.Collect$$rtentry$$00000009)
    __rt_entry_main                          0x00000313   Thumb Code     0  rtentry2.o(.ARM.Collect$$rtentry$$0000000D)
    __rt_entry_postli_1                      0x00000313   Thumb Code     0  rtentry2.o(.ARM.Collect$$rtentry$$0000000C)
    __rt_exit                                0x0000031b   Thumb Code     0  rtexit.o(.ARM.Collect$$rtexit$$00000000)
    __rt_exit_ls                             0x0000031d   Thumb Code     0  rtexit2.o(.ARM.Collect$$rtexit$$00000003)
    __rt_exit_prels_1                        0x0000031d   Thumb Code     0  rtexit2.o(.ARM.Collect$$rtexit$$00000002)
    __rt_exit_exit                           0x00000321   Thumb Code     0  rtexit2.o(.ARM.Collect$$rtexit$$00000004)
    Reset_Handler                            0x00000329   Thumb Code     8  startup_tm4c123.o(.text)
    NMI_Handler                              0x00000331   Thumb Code     2  startup_tm4c123.o(.text)
    HardFault_Handler                        0x00000333   Thumb Code     2  startup_tm4c123.o(.text)
    MemManage_Handler                        0x00000335   Thumb Code     2  startup_tm4c123.o(.text)
    BusFault_Handler                         0x00000337   Thumb Code     2  startup_tm4c123.o(.text)
    UsageFault_Handler                       0x00000339   Thumb Code     2  startup_tm4c123.o(.text)
    SVC_Handler                              0x0000033b   Thumb Code     2  startup_tm4c123.o(.text)
    DebugMon_Handler                         0x0000033d   Thumb Code     2  startup_tm4c123.o(.text)
    PendSV_Handler                           0x0000033f   Thumb Code     2  startup_tm4c123.o(.text)
    SysTick_Handler                          0x00000341   Thumb Code     2  startup_tm4c123.o(.text)
    GPIOA_Handler                            0x00000343   Thumb Code     2  startup_tm4c123.o(.text)
    GPIOB_Handler                            0x00000345   Thumb Code     2  startup_tm4c123.o(.text)
    GPIOC_Handler                            0x00000347   Thumb Code     2  startup_tm4c123.o(.text)
    GPIOD_Handler                            0x00000349   Thumb Code     2  startup_tm4c123.o(.text)
    GPIOE_Handler                            0x0000034b   Thumb Code     2  startup_tm4c123.o(.text)
    UART0_Handler                            0x0000034d   Thumb Code     2  startup_tm4c123.o(.text)
    UART1_Handler                            0x0000034f   Thumb Code     2  startup_tm4c123.o(.text)
    SSI0_Handler                             0x00000351   Thumb Code     2  startup_tm4c123.o(.text)
    I2C0_Handler                             0x00000353   Thumb Code     2  startup_tm4c123.o(.text)
    PMW0_FAULT_Handler                       0x00000355   Thumb Code     2  startup_tm4c123.o(.text)
    PWM0_0_Handler                           0x00000357   Thumb Code     2  startup_tm4c123.o(.text)
    PWM0_1_Handler                           0x00000359   Thumb Code     2  startup_tm4c123.o(.text)
    PWM0_2_Handler                           0x0000035b   Thumb Code     2  startup_tm4c123.o(.text)
    QEI0_Handler                             0x0000035d   Thumb Code     2  startup_tm4c123.o(.text)
    ADC0SS0_Handler                          0x0000035f   Thumb Code     2  startup_tm4c123.o(.text)
    ADC0SS1_Handler                          0x00000361   Thumb Code     2  startup_tm4c123.o(.text)
    ADC0SS2_Handler                          0x00000363   Thumb Code     2  startup_tm4c123.o(.text)
    ADC0SS3_Handler                          0x00000365   Thumb Code     2  startup_tm4c123.o(.text)
    WDT0_Handler                             0x00000367   Thumb Code     2  startup_tm4c123.o(.text)
    TIMER0A_Handler                          0x00000369   Thumb Code     2  startup_tm4c123.o(.text)
    TIMER0B_Handler                          0x0000036b   Thumb Code     2  startup_tm4c123.o(.text)
    TIMER1A_Handler                          0x0000036d   Thumb Code     2  startup_tm4c123.o(.text)
    TIMER1B_Handler                          0x0000036f   Thumb Code     2  startup_tm4c123.o(.text)
    TIMER2A_Handler                          0x00000371   Thumb Code     2  startup_tm4c123.o(.text)
    TIMER2B_Handler                          0x00000373   Thumb Code     2  startup_tm4c123.o(.text)
    COMP0_Handler                            0x00000375   Thumb Code     2  startup_tm4c123.o(.text)
    COMP1_Handler                            0x00000377   Thumb Code     2  startup_tm4c123.o(.text)
    COMP2_Handler                            0x00000379   Thumb Code     2  startup_tm4c123.o(.text)
    SYSCTL_Handler                           0x0000037b   Thumb Code     2  startup_tm4c123.o(.text)
    FLASH_Handler                            0x0000037d   Thumb Code     2  startup_tm4c123.o(.text)
    GPIOF_Handler                            0x0000037f   Thumb Code     2  startup_tm4c123.o(.text)
    GPIOG_Handler                            0x00000381   Thumb Code     2  startup_tm4c123.o(.text)
    GPIOH_Handler                            0x00000383   Thumb Code     2  startup_tm4c123.o(.text)
    UART2_Handler                            0x00000385   Thumb Code     2  startup_tm4c123.o(.text)
    SSI1_Handler                             0x00000387   Thumb Code     2  startup_tm4c123.o(.text)
    TIMER3A_Handler                          0x00000389   Thumb Code     2  startup_tm4c123.o(.text)
    TIMER3B_Handler                          0x0000038b   Thumb Code     2  startup_tm4c123.o(.text)
    I2C1_Handler                             0x0000038d   Thumb Code     2  startup_tm4c123.o(.text)
    QEI1_Handler                             0x0000038f   Thumb Code     2  startup_tm4c123.o(.text)
    CAN0_Handler                             0x00000391   Thumb Code     2  startup_tm4c123.o(.text)
    CAN1_Handler                             0x00000393   Thumb Code     2  startup_tm4c123.o(.text)
    CAN2_Handler                             0x00000395   Thumb Code     2  startup_tm4c123.o(.text)
    HIB_Handler                              0x00000397   Thumb Code     2  startup_tm4c123.o(.text)
    USB0_Handler                             0x00000399   Thumb Code     2  startup_tm4c123.o(.text)
    PWM0_3_Handler                           0x0000039b   Thumb Code     2  startup_tm4c123.o(.text)
    UDMA_Handler                             0x0000039d   Thumb Code     2  startup_tm4c123.o(.text)
    UDMAERR_Handler                          0x0000039f   Thumb Code     2  startup_tm4c123.o(.text)
    ADC1SS0_Handler                          0x000003a1   Thumb Code     2  startup_tm4c123.o(.text)
    ADC1SS1_Handler                          0x000003a3   Thumb Code     2  startup_tm4c123.o(.text)
    ADC1SS2_Handler                          0x000003a5   Thumb Code     2  startup_tm4c123.o(.text)
    ADC1SS3_Handler                          0x000003a7   Thumb Code     2  startup_tm4c123.o(.text)
    GPIOJ_Handler                            0x000003a9   Thumb Code     2  startup_tm4c123.o(.text)
    GPIOK_Handler                            0x000003ab   Thumb Code     2  startup_tm4c123.o(.text)
    GPIOL_Handler                            0x000003ad   Thumb Code     2  startup_tm4c123.o(.text)
    SSI2_Handler                             0x000003af   Thumb Code     2  startup_tm4c123.o(.text)
    SSI3_Handler                             0x000003b1   Thumb Code     2  startup_tm4c123.o(.text)
    UART3_Handler                            0x000003b3   Thumb Code     2  startup_tm4c123.o(.text)
    UART4_Handler                            0x000003b5   Thumb Code     2  startup_tm4c123.o(.text)
    UART5_Handler                            0x000003b7   Thumb Code     2  startup_tm4c123.o(.text)
    UART6_Handler                            0x000003b9   Thumb Code     2  startup_tm4c123.o(.text)
    UART7_Handler                            0x000003bb   Thumb Code     2  startup_tm4c123.o(.text)
    I2C2_Handler                             0x000003bd   Thumb Code     2  startup_tm4c123.o(.text)
    I2C3_Handler                             0x000003bf   Thumb Code     2  startup_tm4c123.o(.text)
    TIMER4A_Handler                          0x000003c1   Thumb Code     2  startup_tm4c123.o(.text)
    TIMER4B_Handler                          0x000003c3   Thumb Code     2  startup_tm4c123.o(.text)
    TIMER5A_Handler                          0x000003c5   Thumb Code     2  startup_tm4c123.o(.text)
    TIMER5B_Handler                          0x000003c7   Thumb Code     2  startup_tm4c123.o(.text)
    WTIMER0A_Handler                         0x000003c9   Thumb Code     2  startup_tm4c123.o(.text)
    WTIMER0B_Handler                         0x000003cb   Thumb Code     2  startup_tm4c123.o(.text)
    WTIMER1A_Handler                         0x000003cd   Thumb Code     2  startup_tm4c123.o(.text)
    WTIMER1B_Handler                         0x000003cf   Thumb Code     2  startup_tm4c123.o(.text)
    WTIMER2A_Handler                         0x000003d1   Thumb Code     2  startup_tm4c123.o(.text)
    WTIMER2B_Handler                         0x000003d3   Thumb Code     2  startup_tm4c123.o(.text)
    WTIMER3A_Handler                         0x000003d5   Thumb Code     2  startup_tm4c123.o(.text)
    WTIMER3B_Handler                         0x000003d7   Thumb Code     2  startup_tm4c123.o(.text)
    WTIMER4A_Handler                         0x000003d9   Thumb Code     2  startup_tm4c123.o(.text)
    WTIMER4B_Handler                         0x000003db   Thumb Code     2  startup_tm4c123.o(.text)
    WTIMER5A_Handler                         0x000003dd   Thumb Code     2  startup_tm4c123.o(.text)
    WTIMER5B_Handler                         0x000003df   Thumb Code     2  startup_tm4c123.o(.text)
    FPU_Handler                              0x000003e1   Thumb Code     2  startup_tm4c123.o(.text)
    I2C4_Handler                             0x000003e3   Thumb Code     2  startup_tm4c123.o(.text)
    I2C5_Handler                             0x000003e5   Thumb Code     2  startup_tm4c123.o(.text)
    GPIOM_Handler                            0x000003e7   Thumb Code     2  startup_tm4c123.o(.text)
    GPION_Handler                            0x000003e9   Thumb Code     2  startup_tm4c123.o(.text)
    QEI2_Handler                             0x000003eb   Thumb Code     2  startup_tm4c123.o(.text)
    GPIOP0_Handler                           0x000003ed   Thumb Code     2  startup_tm4c123.o(.text)
    GPIOP1_Handler                           0x000003ef   Thumb Code     2  startup_tm4c123.o(.text)
    GPIOP2_Handler                           0x000003f1   Thumb Code     2  startup_tm4c123.o(.text)
    GPIOP3_Handler                           0x000003f3   Thumb Code     2  startup_tm4c123.o(.text)
    GPIOP4_Handler                           0x000003f5   Thumb Code     2  startup_tm4c123.o(.text)
    GPIOP5_Handler                           0x000003f7   Thumb Code     2  startup_tm4c123.o(.text)
    GPIOP6_Handler                           0x000003f9   Thumb Code     2  startup_tm4c123.o(.text)
    GPIOP7_Handler                           0x000003fb   Thumb Code     2  startup_tm4c123.o(.text)
    GPIOQ0_Handler                           0x000003fd   Thumb Code     2  startup_tm4c123.o(.text)
    GPIOQ1_Handler                           0x000003ff   Thumb Code     2  startup_tm4c123.o(.text)
    GPIOQ2_Handler                           0x00000401   Thumb Code     2  startup_tm4c123.o(.text)
    GPIOQ3_Handler                           0x00000403   Thumb Code     2  startup_tm4c123.o(.text)
    GPIOQ4_Handler                           0x00000405   Thumb Code     2  startup_tm4c123.o(.text)
    GPIOQ5_Handler                           0x00000407   Thumb Code     2  startup_tm4c123.o(.text)
    GPIOQ6_Handler                           0x00000409   Thumb Code     2  startup_tm4c123.o(.text)
    GPIOQ7_Handler                           0x0000040b   Thumb Code     2  startup_tm4c123.o(.text)
    GPIOR_Handler                            0x0000040d   Thumb Code     2  startup_tm4c123.o(.text)
    GPIOS_Handler                            0x0000040f   Thumb Code     2  startup_tm4c123.o(.text)
    PMW1_0_Handler                           0x00000411   Thumb Code     2  startup_tm4c123.o(.text)
    PWM1_1_Handler                           0x00000413   Thumb Code     2  startup_tm4c123.o(.text)
    PWM1_2_Handler                           0x00000415   Thumb Code     2  startup_tm4c123.o(.text)
    PWM1_3_Handler                           0x00000417   Thumb Code     2  startup_tm4c123.o(.text)
    PWM1_FAULT_Handler                       0x00000419   Thumb Code     2  startup_tm4c123.o(.text)
    __user_initial_stackheap                 0x0000041d   Thumb Code     0  startup_tm4c123.o(.text)
    UART5_Init                               0x0000043d   Thumb Code   108  uart.o(.text)
    UART5_Available                          0x000004a9   Thumb Code    20  uart.o(.text)
    UART5_Read                               0x000004bd   Thumb Code    20  uart.o(.text)
    UART5_Write                              0x000004d1   Thumb Code    18  uart.o(.text)
    UART0_Init                               0x000004e3   Thumb Code   112  uart.o(.text)
    UART0_Available                          0x00000553   Thumb Code    20  uart.o(.text)
    UART0_Read                               0x00000567   Thumb Code    20  uart.o(.text)
    UART0_Write                              0x0000057b   Thumb Code    18  uart.o(.text)
    SystemInit                               0x000005a9   Thumb Code    14  test.o(.text)
    read_char                                0x000005b7   Thumb Code    12  test.o(.text)
    print_char                               0x000005c3   Thumb Code    12  test.o(.text)
    print_string                             0x000005cf   Thumb Code    22  test.o(.text)
    read_coords                              0x000005e5   Thumb Code   474  test.o(.text)
    main                                     0x000007bf   Thumb Code    44  test.o(.text)
    LEDSinit                                 0x0000080d   Thumb Code   122  led.o(.text)
    DETECT_DISTANCE                          0x00000887   Thumb Code     8  led.o(.text)
    Lcd_Command                              0x000008a9   Thumb Code    52  lcd_function.o(.text)
    Lcd_DATA                                 0x000008dd   Thumb Code    52  lcd_function.o(.text)
    LCD_INIT                                 0x00000911   Thumb Code   222  lcd_function.o(.text)
    Delay                                    0x00000a11   Thumb Code    22  delay.o(.text)
    strtok                                   0x00000a29   Thumb Code     6  strtok.o(.text)
    strcpy                                   0x00000a35   Thumb Code    72  strcpy.o(.text)
    strcmp                                   0x00000a7d   Thumb Code   128  strcmpv7m.o(.text)
    __use_two_region_memory                  0x00000afd   Thumb Code     2  heapauxi.o(.text)
    __rt_heap_escrow$2region                 0x00000aff   Thumb Code     2  heapauxi.o(.text)
    __rt_heap_expand$2region                 0x00000b01   Thumb Code     2  heapauxi.o(.text)
    __read_errno                             0x00000b03   Thumb Code    10  _rserrno.o(.text)
    __set_errno                              0x00000b0d   Thumb Code    12  _rserrno.o(.text)
    __strtod_int                             0x00000b55   Thumb Code    88  strtod.o(.text)
    __strtok_internal                        0x00000bb9   Thumb Code    64  strtok_int.o(.text)
    __aeabi_errno_addr                       0x00000bfd   Thumb Code     8  rt_errno_addr_intlibspace.o(.text)
    __errno$intlibspace                      0x00000bfd   Thumb Code     0  rt_errno_addr_intlibspace.o(.text)
    __rt_errno_addr$intlibspace              0x00000bfd   Thumb Code     0  rt_errno_addr_intlibspace.o(.text)
    isspace                                  0x00000c05   Thumb Code    18  isspace.o(.text)
    _sgetc                                   0x00000c17   Thumb Code    30  _sgetc.o(.text)
    _sbackspace                              0x00000c35   Thumb Code    34  _sgetc.o(.text)
    strcspn                                  0x00000c57   Thumb Code    32  strcspn.o(.text)
    strspn                                   0x00000c77   Thumb Code    28  strspn.o(.text)
    __user_libspace                          0x00000c95   Thumb Code     8  libspace.o(.text)
    __user_perproc_libspace                  0x00000c95   Thumb Code     0  libspace.o(.text)
    __user_perthread_libspace                0x00000c95   Thumb Code     0  libspace.o(.text)
    __user_setup_stackheap                   0x00000c9d   Thumb Code    74  sys_stackheap_outer.o(.text)
    __rt_ctype_table                         0x00000ce9   Thumb Code    16  rt_ctype_table.o(.text)
    _scanf_really_real                       0x00000ef1   Thumb Code   672  scanf_fp.o(.text)
    exit                                     0x0000119d   Thumb Code    12  exit.o(.text)
    __rt_locale                              0x000011a9   Thumb Code     8  rt_locale_intlibspace.o(.text)
    _btod_etento                             0x000011b1   Thumb Code   222  bigflt0.o(.text)
    _scanf_really_hex_real                   0x00001295   Thumb Code   776  scanf_hexfp.o(.text)
    _scanf_really_infnan                     0x000015a9   Thumb Code   298  scanf_infnan.o(.text)
    _sys_exit                                0x000016e5   Thumb Code     8  sys_exit.o(.text)
    __aeabi_llsl                             0x000016f1   Thumb Code     0  llshl.o(.text)
    _ll_shift_l                              0x000016f1   Thumb Code    38  llshl.o(.text)
    _chval                                   0x00001717   Thumb Code    28  _chval.o(.text)
    __I$use$semihosting                      0x00001733   Thumb Code     0  use_no_semi.o(.text)
    __use_no_semihosting_swi                 0x00001733   Thumb Code     2  use_no_semi.o(.text)
    __btod_div_common                        0x00001735   Thumb Code   696  btod.o(CL$$btod_div_common)
    __semihosting_library_function           0x00001735   Thumb Code     0  indicate_semi.o(.text)
    _e2d                                     0x00001a6d   Thumb Code    80  btod.o(CL$$btod_e2d)
    _e2e                                     0x00001ac1   Thumb Code   198  btod.o(CL$$btod_e2e)
    _btod_ediv                               0x00001b87   Thumb Code    40  btod.o(CL$$btod_ediv)
    _btod_edivd                              0x00001baf   Thumb Code    40  btod.o(CL$$btod_edivd)
    _btod_emul                               0x00001bd7   Thumb Code    40  btod.o(CL$$btod_emul)
    _btod_emuld                              0x00001bff   Thumb Code    40  btod.o(CL$$btod_emuld)
    __btod_mult_common                       0x00001c27   Thumb Code   580  btod.o(CL$$btod_mult_common)
    __hardfp_atof                            0x00001e71   Thumb Code    44  atof.o(i.__hardfp_atof)
    __hardfp_ldexp                           0x00001ea9   Thumb Code   216  ldexp.o(i.__hardfp_ldexp)
    __mathlib_dbl_underflow                  0x00001f91   Thumb Code    24  dunder.o(i.__mathlib_dbl_underflow)
    __mathlib_narrow                         0x00001fb1   Thumb Code   166  narrow.o(i.__mathlib_narrow)
    __support_ldexp                          0x00002069   Thumb Code    20  ldexp.o(i.__support_ldexp)
    _is_digit                                0x0000207d   Thumb Code    14  scanf_fp.o(i._is_digit)
    frexp                                    0x00002091   Thumb Code   134  frexp.o(i.frexp)
    _get_lc_numeric                          0x0000212d   Thumb Code    44  lc_numeric_c.o(locale$$code)
    _get_lc_ctype                            0x00002159   Thumb Code    44  lc_ctype_c.o(locale$$code)
    __aeabi_d2f                              0x00002185   Thumb Code     0  d2f.o(x$fpl$d2f)
    _d2f                                     0x00002185   Thumb Code    98  d2f.o(x$fpl$d2f)
    __fpl_dcheck_NaN1                        0x000021e9   Thumb Code    10  dcheck1.o(x$fpl$dcheck1)
    __fpl_dcmp_Inf                           0x000021f9   Thumb Code    24  dcmpi.o(x$fpl$dcmpinf)
    __aeabi_cdcmpeq                          0x00002211   Thumb Code     0  deqf.o(x$fpl$deqf)
    _dcmpeq                                  0x00002211   Thumb Code   120  deqf.o(x$fpl$deqf)
    __aeabi_cdcmple                          0x00002289   Thumb Code     0  dleqf.o(x$fpl$dleqf)
    _dcmple                                  0x00002289   Thumb Code   120  dleqf.o(x$fpl$dleqf)
    __fpl_dcmple_InfNaN                      0x000022eb   Thumb Code     0  dleqf.o(x$fpl$dleqf)
    __aeabi_dmul                             0x00002301   Thumb Code     0  dmul.o(x$fpl$dmul)
    _dmul                                    0x00002301   Thumb Code   332  dmul.o(x$fpl$dmul)
    __fpl_dnaninf                            0x00002455   Thumb Code   156  dnaninf.o(x$fpl$dnaninf)
    __fpl_dretinf                            0x000024f1   Thumb Code    12  dretinf.o(x$fpl$dretinf)
    __aeabi_cdrcmple                         0x000024fd   Thumb Code     0  drleqf.o(x$fpl$drleqf)
    _drcmple                                 0x000024fd   Thumb Code   108  drleqf.o(x$fpl$drleqf)
    _fp_init                                 0x00002569   Thumb Code    10  fpinit.o(x$fpl$fpinit)
    __fplib_config_fpu_vfp                   0x00002571   Thumb Code     0  fpinit.o(x$fpl$fpinit)
    __fplib_config_pureend_doubles           0x00002571   Thumb Code     0  fpinit.o(x$fpl$fpinit)
    __fpl_fretinf                            0x00002573   Thumb Code    10  fretinf.o(x$fpl$fretinf)
    __fpl_return_NaN                         0x0000257d   Thumb Code   100  retnan.o(x$fpl$retnan)
    __ARM_scalbn                             0x000025e1   Thumb Code    92  scalbn.o(x$fpl$scalbn)
    _scanf_real                              0x0000263d   Thumb Code     4  scanf1.o(x$fpl$scanf1)
    _scanf_hex_real                          0x00002641   Thumb Code     4  scanf2.o(x$fpl$scanf2)
    _scanf_infnan                            0x00002645   Thumb Code     4  scanf2.o(x$fpl$scanf2)
    __fpl_cmpreturn                          0x00002649   Thumb Code    48  trapv.o(x$fpl$trapveneer)
    __I$use$fp                               0x00002678   Number         0  usenofp.o(x$fpl$usenofp)
    Region$$Table$$Base                      0x0000270c   Number         0  anon$$obj.o(Region$$Table)
    Region$$Table$$Limit                     0x0000272c   Number         0  anon$$obj.o(Region$$Table)
    __aeabi_HUGE_VAL                         0x0000272c   Data           0  fpconst.o(c$$dinf)
    __aeabi_HUGE_VALL                        0x0000272c   Data           0  fpconst.o(c$$dinf)
    __aeabi_INFINITY                         0x0000272c   Data           0  fpconst.o(c$$dinf)
    __dInf                                   0x0000272c   Data           0  fpconst.o(c$$dinf)
    __huge_val                               0x0000272c   Data           0  fpconst.o(c$$dinf)
    __ctype                                  0x0000275d   Data           0  lc_ctype_c.o(locale$$data)
    indx1                                    0x20000000   Data           2  test.o(.data)
    coords_obtained                          0x20000008   Data        1600  test.o(.bss)
    __libspace_start                         0x20000648   Data          96  libspace.o(.bss)
    __temporary_stack_top$libspace           0x200006a8   Data           0  libspace.o(.bss)



==============================================================================

Memory Map of the image

  Image Entry point : 0x00000329

  Load Region LR_1 (Base: 0x00000000, Size: 0x00002868, Max: 0xffffffff, ABSOLUTE)

    Execution Region ER_RO (Base: 0x00000000, Size: 0x00002860, Max: 0xffffffff, ABSOLUTE)

    Base Addr    Size         Type   Attr      Idx    E Section Name        Object

    0x00000000   0x0000026c   Data   RO            3    RESET               startup_tm4c123.o
    0x0000026c   0x00000008   Code   RO          161  * !!!main             c_w.l(__main.o)
    0x00000274   0x00000034   Code   RO          561    !!!scatter          c_w.l(__scatter.o)
    0x000002a8   0x0000001a   Code   RO          563    !!handler_copy      c_w.l(__scatter_copy.o)
    0x000002c2   0x00000002   PAD
    0x000002c4   0x0000001c   Code   RO          565    !!handler_zi        c_w.l(__scatter_zi.o)
    0x000002e0   0x00000002   Code   RO          342    .ARM.Collect$$libinit$$00000000  c_w.l(libinit.o)
    0x000002e2   0x00000004   Code   RO          343    .ARM.Collect$$libinit$$00000001  c_w.l(libinit2.o)
    0x000002e6   0x00000000   Code   RO          347    .ARM.Collect$$libinit$$00000008  c_w.l(libinit2.o)
    0x000002e6   0x00000000   Code   RO          349    .ARM.Collect$$libinit$$0000000A  c_w.l(libinit2.o)
    0x000002e6   0x00000000   Code   RO          351    .ARM.Collect$$libinit$$0000000C  c_w.l(libinit2.o)
    0x000002e6   0x00000006   Code   RO          352    .ARM.Collect$$libinit$$0000000D  c_w.l(libinit2.o)
    0x000002ec   0x00000000   Code   RO          354    .ARM.Collect$$libinit$$0000000F  c_w.l(libinit2.o)
    0x000002ec   0x0000000c   Code   RO          355    .ARM.Collect$$libinit$$00000010  c_w.l(libinit2.o)
    0x000002f8   0x00000000   Code   RO          356    .ARM.Collect$$libinit$$00000011  c_w.l(libinit2.o)
    0x000002f8   0x00000000   Code   RO          358    .ARM.Collect$$libinit$$00000013  c_w.l(libinit2.o)
    0x000002f8   0x0000000a   Code   RO          359    .ARM.Collect$$libinit$$00000014  c_w.l(libinit2.o)
    0x00000302   0x00000000   Code   RO          360    .ARM.Collect$$libinit$$00000015  c_w.l(libinit2.o)
    0x00000302   0x00000000   Code   RO          362    .ARM.Collect$$libinit$$00000017  c_w.l(libinit2.o)
    0x00000302   0x00000000   Code   RO          364    .ARM.Collect$$libinit$$00000019  c_w.l(libinit2.o)
    0x00000302   0x00000000   Code   RO          366    .ARM.Collect$$libinit$$0000001B  c_w.l(libinit2.o)
    0x00000302   0x00000000   Code   RO          368    .ARM.Collect$$libinit$$0000001D  c_w.l(libinit2.o)
    0x00000302   0x00000000   Code   RO          370    .ARM.Collect$$libinit$$0000001F  c_w.l(libinit2.o)
    0x00000302   0x00000000   Code   RO          372    .ARM.Collect$$libinit$$00000021  c_w.l(libinit2.o)
    0x00000302   0x00000000   Code   RO          374    .ARM.Collect$$libinit$$00000023  c_w.l(libinit2.o)
    0x00000302   0x00000000   Code   RO          378    .ARM.Collect$$libinit$$0000002A  c_w.l(libinit2.o)
    0x00000302   0x00000000   Code   RO          380    .ARM.Collect$$libinit$$0000002C  c_w.l(libinit2.o)
    0x00000302   0x00000000   Code   RO          382    .ARM.Collect$$libinit$$0000002E  c_w.l(libinit2.o)
    0x00000302   0x00000000   Code   RO          384    .ARM.Collect$$libinit$$00000030  c_w.l(libinit2.o)
    0x00000302   0x00000002   Code   RO          385    .ARM.Collect$$libinit$$00000031  c_w.l(libinit2.o)
    0x00000304   0x00000002   Code   RO          485    .ARM.Collect$$libshutdown$$00000000  c_w.l(libshutdown.o)
    0x00000306   0x00000000   Code   RO          513    .ARM.Collect$$libshutdown$$00000003  c_w.l(libshutdown2.o)
    0x00000306   0x00000000   Code   RO          516    .ARM.Collect$$libshutdown$$00000006  c_w.l(libshutdown2.o)
    0x00000306   0x00000000   Code   RO          519    .ARM.Collect$$libshutdown$$00000009  c_w.l(libshutdown2.o)
    0x00000306   0x00000000   Code   RO          521    .ARM.Collect$$libshutdown$$0000000B  c_w.l(libshutdown2.o)
    0x00000306   0x00000000   Code   RO          524    .ARM.Collect$$libshutdown$$0000000E  c_w.l(libshutdown2.o)
    0x00000306   0x00000002   Code   RO          525    .ARM.Collect$$libshutdown$$0000000F  c_w.l(libshutdown2.o)
    0x00000308   0x00000000   Code   RO          233    .ARM.Collect$$rtentry$$00000000  c_w.l(rtentry.o)
    0x00000308   0x00000000   Code   RO          280    .ARM.Collect$$rtentry$$00000002  c_w.l(rtentry2.o)
    0x00000308   0x00000006   Code   RO          292    .ARM.Collect$$rtentry$$00000004  c_w.l(rtentry4.o)
    0x0000030e   0x00000000   Code   RO          282    .ARM.Collect$$rtentry$$00000009  c_w.l(rtentry2.o)
    0x0000030e   0x00000004   Code   RO          283    .ARM.Collect$$rtentry$$0000000A  c_w.l(rtentry2.o)
    0x00000312   0x00000000   Code   RO          285    .ARM.Collect$$rtentry$$0000000C  c_w.l(rtentry2.o)
    0x00000312   0x00000008   Code   RO          286    .ARM.Collect$$rtentry$$0000000D  c_w.l(rtentry2.o)
    0x0000031a   0x00000002   Code   RO          386    .ARM.Collect$$rtexit$$00000000  c_w.l(rtexit.o)
    0x0000031c   0x00000000   Code   RO          445    .ARM.Collect$$rtexit$$00000002  c_w.l(rtexit2.o)
    0x0000031c   0x00000004   Code   RO          446    .ARM.Collect$$rtexit$$00000003  c_w.l(rtexit2.o)
    0x00000320   0x00000006   Code   RO          447    .ARM.Collect$$rtexit$$00000004  c_w.l(rtexit2.o)
    0x00000326   0x00000002   PAD
    0x00000328   0x00000114   Code   RO            4  * .text               startup_tm4c123.o
    0x0000043c   0x0000016c   Code   RO           10    .text               uart.o
    0x000005a8   0x00000264   Code   RO           32    .text               test.o
    0x0000080c   0x0000009c   Code   RO           80    .text               led.o
    0x000008a8   0x00000168   Code   RO          111    .text               lcd_function.o
    0x00000a10   0x00000016   Code   RO          123    .text               delay.o
    0x00000a26   0x00000002   PAD
    0x00000a28   0x0000000c   Code   RO          152    .text               c_w.l(strtok.o)
    0x00000a34   0x00000048   Code   RO          155    .text               c_w.l(strcpy.o)
    0x00000a7c   0x00000080   Code   RO          157    .text               c_w.l(strcmpv7m.o)
    0x00000afc   0x00000006   Code   RO          159    .text               c_w.l(heapauxi.o)
    0x00000b02   0x00000016   Code   RO          234    .text               c_w.l(_rserrno.o)
    0x00000b18   0x000000a0   Code   RO          236    .text               c_w.l(strtod.o)
    0x00000bb8   0x00000044   Code   RO          238    .text               c_w.l(strtok_int.o)
    0x00000bfc   0x00000008   Code   RO          297    .text               c_w.l(rt_errno_addr_intlibspace.o)
    0x00000c04   0x00000012   Code   RO          299    .text               c_w.l(isspace.o)
    0x00000c16   0x00000040   Code   RO          301    .text               c_w.l(_sgetc.o)
    0x00000c56   0x00000020   Code   RO          306    .text               c_w.l(strcspn.o)
    0x00000c76   0x0000001c   Code   RO          308    .text               c_w.l(strspn.o)
    0x00000c92   0x00000002   PAD
    0x00000c94   0x00000008   Code   RO          324    .text               c_w.l(libspace.o)
    0x00000c9c   0x0000004a   Code   RO          327    .text               c_w.l(sys_stackheap_outer.o)
    0x00000ce6   0x00000002   PAD
    0x00000ce8   0x00000010   Code   RO          329    .text               c_w.l(rt_ctype_table.o)
    0x00000cf8   0x000004a4   Code   RO          331    .text               c_w.l(scanf_fp.o)
    0x0000119c   0x0000000c   Code   RO          335    .text               c_w.l(exit.o)
    0x000011a8   0x00000008   Code   RO          391    .text               c_w.l(rt_locale_intlibspace.o)
    0x000011b0   0x000000e4   Code   RO          393    .text               c_w.l(bigflt0.o)
    0x00001294   0x00000314   Code   RO          451    .text               c_w.l(scanf_hexfp.o)
    0x000015a8   0x0000013c   Code   RO          453    .text               c_w.l(scanf_infnan.o)
    0x000016e4   0x0000000c   Code   RO          471    .text               c_w.l(sys_exit.o)
    0x000016f0   0x00000026   Code   RO          475    .text               c_w.l(llshl.o)
    0x00001716   0x0000001c   Code   RO          477    .text               c_w.l(_chval.o)
    0x00001732   0x00000002   Code   RO          502    .text               c_w.l(use_no_semi.o)
    0x00001734   0x00000000   Code   RO          504    .text               c_w.l(indicate_semi.o)
    0x00001734   0x00000338   Code   RO          406    CL$$btod_div_common  c_w.l(btod.o)
    0x00001a6c   0x00000054   Code   RO          404    CL$$btod_e2d        c_w.l(btod.o)
    0x00001ac0   0x000000c6   Code   RO          403    CL$$btod_e2e        c_w.l(btod.o)
    0x00001b86   0x00000028   Code   RO          400    CL$$btod_ediv       c_w.l(btod.o)
    0x00001bae   0x00000028   Code   RO          402    CL$$btod_edivd      c_w.l(btod.o)
    0x00001bd6   0x00000028   Code   RO          399    CL$$btod_emul       c_w.l(btod.o)
    0x00001bfe   0x00000028   Code   RO          401    CL$$btod_emuld      c_w.l(btod.o)
    0x00001c26   0x00000244   Code   RO          405    CL$$btod_mult_common  c_w.l(btod.o)
    0x00001e6a   0x00000006   PAD
    0x00001e70   0x00000038   Code   RO          191    i.__hardfp_atof     m_wm.l(atof.o)
    0x00001ea8   0x000000e8   Code   RO          486    i.__hardfp_ldexp    m_wm.l(ldexp.o)
    0x00001f90   0x00000020   Code   RO          256    i.__mathlib_dbl_underflow  m_wm.l(dunder.o)
    0x00001fb0   0x000000b8   Code   RO          437    i.__mathlib_narrow  m_wm.l(narrow.o)
    0x00002068   0x00000014   Code   RO          488    i.__support_ldexp   m_wm.l(ldexp.o)
    0x0000207c   0x0000000e   Code   RO          333    i._is_digit         c_w.l(scanf_fp.o)
    0x0000208a   0x00000006   PAD
    0x00002090   0x0000009c   Code   RO          465    i.frexp             m_wm.l(frexp.o)
    0x0000212c   0x0000002c   Code   RO          304    locale$$code        c_w.l(lc_numeric_c.o)
    0x00002158   0x0000002c   Code   RO          419    locale$$code        c_w.l(lc_ctype_c.o)
    0x00002184   0x00000062   Code   RO          163    x$fpl$d2f           fz_wm.l(d2f.o)
    0x000021e6   0x00000002   PAD
    0x000021e8   0x00000010   Code   RO          533    x$fpl$dcheck1       fz_wm.l(dcheck1.o)
    0x000021f8   0x00000018   Code   RO          310    x$fpl$dcmpinf       fz_wm.l(dcmpi.o)
    0x00002210   0x00000078   Code   RO          459    x$fpl$deqf          fz_wm.l(deqf.o)
    0x00002288   0x00000078   Code   RO          242    x$fpl$dleqf         fz_wm.l(dleqf.o)
    0x00002300   0x00000154   Code   RO          175    x$fpl$dmul          fz_wm.l(dmul.o)
    0x00002454   0x0000009c   Code   RO          244    x$fpl$dnaninf       fz_wm.l(dnaninf.o)
    0x000024f0   0x0000000c   Code   RO          246    x$fpl$dretinf       fz_wm.l(dretinf.o)
    0x000024fc   0x0000006c   Code   RO          461    x$fpl$drleqf        fz_wm.l(drleqf.o)
    0x00002568   0x0000000a   Code   RO          426    x$fpl$fpinit        fz_wm.l(fpinit.o)
    0x00002572   0x0000000a   Code   RO          250    x$fpl$fretinf       fz_wm.l(fretinf.o)
    0x0000257c   0x00000064   Code   RO          539    x$fpl$retnan        fz_wm.l(retnan.o)
    0x000025e0   0x0000005c   Code   RO          526    x$fpl$scalbn        fz_wm.l(scalbn.o)
    0x0000263c   0x00000004   Code   RO          322    x$fpl$scanf1        fz_wm.l(scanf1.o)
    0x00002640   0x00000008   Code   RO          430    x$fpl$scanf2        fz_wm.l(scanf2.o)
    0x00002648   0x00000030   Code   RO          557    x$fpl$trapveneer    fz_wm.l(trapv.o)
    0x00002678   0x00000000   Code   RO          252    x$fpl$usenofp       fz_wm.l(usenofp.o)
    0x00002678   0x00000094   Data   RO          394    .constdata          c_w.l(bigflt0.o)
    0x0000270c   0x00000020   Data   RO          559    Region$$Table       anon$$obj.o
    0x0000272c   0x00000008   Data   RO          423    c$$dinf             fz_wm.l(fpconst.o)
    0x00002734   0x0000001c   Data   RO          303    locale$$data        c_w.l(lc_numeric_c.o)
    0x00002750   0x00000110   Data   RO          418    locale$$data        c_w.l(lc_ctype_c.o)


    Execution Region ER_RW (Base: 0x20000000, Size: 0x00000008, Max: 0xffffffff, ABSOLUTE)

    Base Addr    Size         Type   Attr      Idx    E Section Name        Object

    0x20000000   0x00000002   Data   RW           34    .data               test.o
    0x20000002   0x00000002   PAD
    0x20000004   0x00000004   Data   RW          153    .data               c_w.l(strtok.o)


    Execution Region ER_ZI (Base: 0x20000008, Size: 0x000008a0, Max: 0xffffffff, ABSOLUTE)

    Base Addr    Size         Type   Attr      Idx    E Section Name        Object

    0x20000008   0x00000640   Zero   RW           33    .bss                test.o
    0x20000648   0x00000060   Zero   RW          325    .bss                c_w.l(libspace.o)
    0x200006a8   0x00000000   Zero   RW            2    HEAP                startup_tm4c123.o
    0x200006a8   0x00000200   Zero   RW            1    STACK               startup_tm4c123.o


==============================================================================

Image component sizes


      Code (inc. data)   RO Data    RW Data    ZI Data      Debug   Object Name

        22          0          0          0          0        440   delay.o
       360         34          0          0          0        900   lcd_function.o
       156         26          0          0          0        651   led.o
       276         24        620          0        512       5380   startup_tm4c123.o
       612         34          0          2       1600       3048   test.o
       364         28          0          0          0       5738   uart.o

    ----------------------------------------------------------------------
      1792        146        652          4       2112      16157   Object Totals
         0          0         32          0          0          0   (incl. Generated)
         2          0          0          2          0          0   (incl. Padding)

    ----------------------------------------------------------------------

      Code (inc. data)   RO Data    RW Data    ZI Data      Debug   Library Member Name

         8          0          0          0          0         68   __main.o
        52          8          0          0          0          0   __scatter.o
        26          0          0          0          0          0   __scatter_copy.o
        28          0          0          0          0          0   __scatter_zi.o
        28          0          0          0          0         68   _chval.o
        22          0          0          0          0        100   _rserrno.o
        64          0          0          0          0         84   _sgetc.o
       228          6        148          0          0         96   bigflt0.o
      1846        132          0          0          0        736   btod.o
        12          0          0          0          0         72   exit.o
         6          0          0          0          0        152   heapauxi.o
         0          0          0          0          0          0   indicate_semi.o
        18          0          0          0          0         76   isspace.o
        44         10        272          0          0         76   lc_ctype_c.o
        44         10         28          0          0         76   lc_numeric_c.o
         2          0          0          0          0          0   libinit.o
        34          0          0          0          0          0   libinit2.o
         2          0          0          0          0          0   libshutdown.o
         2          0          0          0          0          0   libshutdown2.o
         8          4          0          0         96         68   libspace.o
        38          0          0          0          0         68   llshl.o
        16          4          0          0          0         76   rt_ctype_table.o
         8          4          0          0          0         68   rt_errno_addr_intlibspace.o
         8          4          0          0          0         68   rt_locale_intlibspace.o
         0          0          0          0          0          0   rtentry.o
        12          0          0          0          0          0   rtentry2.o
         6          0          0          0          0          0   rtentry4.o
         2          0          0          0          0          0   rtexit.o
        10          0          0          0          0          0   rtexit2.o
      1202         12          0          0          0        216   scanf_fp.o
       788         12          0          0          0        100   scanf_hexfp.o
       316         18          0          0          0        100   scanf_infnan.o
       128          0          0          0          0         68   strcmpv7m.o
        72          0          0          0          0         80   strcpy.o
        32          0          0          0          0         80   strcspn.o
        28          0          0          0          0         80   strspn.o
       160         12          0          0          0        120   strtod.o
        12          6          0          4          0         68   strtok.o
        68          4          0          0          0         84   strtok_int.o
        12          4          0          0          0         68   sys_exit.o
        74          0          0          0          0         80   sys_stackheap_outer.o
         2          0          0          0          0         68   use_no_semi.o
        98          4          0          0          0        140   d2f.o
        16          4          0          0          0        116   dcheck1.o
        24          0          0          0          0        116   dcmpi.o
       120          4          0          0          0        140   deqf.o
       120          4          0          0          0        140   dleqf.o
       340         12          0          0          0        152   dmul.o
       156          4          0          0          0        140   dnaninf.o
        12          0          0          0          0        116   dretinf.o
       108          0          0          0          0        128   drleqf.o
         0          0          8          0          0          0   fpconst.o
        10          0          0          0          0        116   fpinit.o
        10          0          0          0          0        116   fretinf.o
       100          0          0          0          0        116   retnan.o
        92          0          0          0          0        116   scalbn.o
         4          0          0          0          0        116   scanf1.o
         8          0          0          0          0        132   scanf2.o
        48          0          0          0          0        116   trapv.o
         0          0          0          0          0          0   usenofp.o
        56         12          0          0          0        132   atof.o
        32          8          0          0          0        124   dunder.o
       156         22          0          0          0        132   frexp.o
       252         16          0          0          0        308   ldexp.o
       184         18          0          0          0        152   narrow.o

    ----------------------------------------------------------------------
      7436        358        456          4         96       6028   Library Totals
        22          0          0          0          0          0   (incl. Padding)

    ----------------------------------------------------------------------

      Code (inc. data)   RO Data    RW Data    ZI Data      Debug   Library Name

      5468        250        448          4         96       3164   c_w.l
      1266         32          8          0          0       2016   fz_wm.l
       680         76          0          0          0        848   m_wm.l

    ----------------------------------------------------------------------
      7436        358        456          4         96       6028   Library Totals

    ----------------------------------------------------------------------

==============================================================================


      Code (inc. data)   RO Data    RW Data    ZI Data      Debug   

      9228        504       1108          8       2208      17765   Grand Totals
      9228        504       1108          8       2208      17765   ELF Image Totals
      9228        504       1108          8          0          0   ROM Totals

==============================================================================

    Total RO  Size (Code + RO Data)                10336 (  10.09kB)
    Total RW  Size (RW Data + ZI Data)              2216 (   2.16kB)
    Total ROM Size (Code + RO Data + RW Data)      10344 (  10.10kB)

==============================================================================

