<html>
<body>
<pre>
<h1>µVision Build Log</h1>
<h2>Project:</h2>
E:\Mohamed\Embedded\Project\Gps_Project\GPS-Tracking-System\.c\Led_function.uvproj
Project File Date:  06/03/2021

<h2>Output:</h2>
Rebuild target 'Target 1'
assembling startup_TM4C123.s...
compiling Lcd.c...
Lcd.c(52): warning:  #1-D: last line of file ends without a newline
  }
Lcd.c: 1 warning, 0 errors
linking...
Program Size: Code=776 RO-data=636 RW-data=0 ZI-data=608  
".\Led_function.axf" - 0 Error(s), 1 Warning(s).
</pre>
</body>
</html>
